Apr 13 23:22:08 ubuntu jetbrains-clion.desktop[108971]: exec_pty(75): returning due to error: Cannot allocate memory
Apr 13 23:22:08 ubuntu jetbrains-clion.desktop[108971]: 2021-04-13 23:22:08,492 [ 283066]   WARN - .configurations.PtyCommandLine - Couldn't run process with PTY
Apr 13 23:22:08 ubuntu jetbrains-clion.desktop[108971]: java.io.IOException: Exec_tty error:Unknown reason
Apr 13 23:22:08 ubuntu jetbrains-clion.desktop[108971]: #011at com.pty4j.unix.UnixPtyProcess.execInPty(UnixPtyProcess.java:208)
Apr 13 23:22:08 ubuntu jetbrains-clion.desktop[108971]: #011at com.pty4j.unix.UnixPtyProcess.<init>(UnixPtyProcess.java:55)
Apr 13 23:22:08 ubuntu jetbrains-clion.desktop[108971]: #011at com.pty4j.PtyProcessBuilder.start(PtyProcessBuilder.java:127)
Apr 13 23:22:08 ubuntu jetbrains-clion.desktop[108971]: #011at com.intellij.execution.configurations.PtyCommandLine.doStartProcessWithPty(PtyCommandLine.java:252)
Apr 13 23:22:08 ubuntu jetbrains-clion.desktop[108971]: #011at com.intellij.execution.configurations.PtyCommandLine.startProcessWithPty(PtyCommandLine.java:209)
Apr 13 23:22:08 ubuntu jetbrains-clion.desktop[108971]: #011at com.intellij.execution.configurations.PtyCommandLine.startProcess(PtyCommandLine.java:152)
Apr 13 23:22:08 ubuntu jetbrains-clion.desktop[108971]: #011at com.intellij.execution.configurations.GeneralCommandLine.createProcess(GeneralCommandLine.java:376)
Apr 13 23:22:08 ubuntu jetbrains-clion.desktop[108971]: #011at com.intellij.execution.process.OSProcessHandler.startProcess(OSProcessHandler.java:101)
Apr 13 23:22:08 ubuntu jetbrains-clion.desktop[108971]: #011at com.intellij.execution.process.OSProcessHandler.<init>(OSProcessHandler.java:49)
Apr 13 23:22:08 ubuntu jetbrains-clion.desktop[108971]: #011at com.intellij.execution.process.KillableProcessHandler.<init>(KillableProcessHandler.java:37)
Apr 13 23:22:08 ubuntu jetbrains-clion.desktop[108971]: #011at com.intellij.execution.process.ColoredProcessHandler.<init>(ColoredProcessHandler.java:24)
Apr 13 23:22:08 ubuntu jetbrains-clion.desktop[108971]: #011at com.jetbrains.cidr.system.LocalHost$MyColoredProcessHandler.<init>(LocalHost.java:145)
Apr 13 23:22:08 ubuntu jetbrains-clion.desktop[108971]: #011at com.jetbrains.cidr.system.LocalHost$1.build(LocalHost.java:70)
Apr 13 23:22:08 ubuntu jetbrains-clion.desktop[108971]: #011at com.jetbrains.cidr.system.CidrProcessBuilder.build(CidrProcessBuilder.kt:28)
Apr 13 23:22:08 ubuntu jetbrains-clion.desktop[108971]: #011at com.jetbrains.cidr.system.HostMachine.createProcess(HostMachine.java:61)
Apr 13 23:22:08 ubuntu jetbrains-clion.desktop[108971]: #011at com.jetbrains.cidr.system.HostMachine.createProcess(HostMachine.java:33)
Apr 13 23:22:08 ubuntu jetbrains-clion.desktop[108971]: #011at com.jetbrains.cidr.cpp.execution.build.CMakeBuild.createBuildProcess(CMakeBuild.java:473)
Apr 13 23:22:08 ubuntu jetbrains-clion.desktop[108971]: #011at com.jetbrains.cidr.cpp.execution.build.CMakeBuild.lambda$execute$2(CMakeBuild.java:307)
Apr 13 23:22:08 ubuntu jetbrains-clion.desktop[108971]: #011at com.jetbrains.cidr.cpp.cmake.workspace.CMakeWorkspaceWatcher.lambda$lockModelDuring$2(CMakeWorkspaceWatcher.java:360)
Apr 13 23:22:08 ubuntu jetbrains-clion.desktop[108971]: #011at com.intellij.util.RunnableCallable.call(RunnableCallable.java:20)
Apr 13 23:22:08 ubuntu jetbrains-clion.desktop[108971]: #011at com.intellij.util.RunnableCallable.call(RunnableCallable.java:11)
Apr 13 23:22:08 ubuntu jetbrains-clion.desktop[108971]: #011at com.intellij.openapi.application.impl.ApplicationImpl$1.call(ApplicationImpl.java:270)
Apr 13 23:22:08 ubuntu jetbrains-clion.desktop[108971]: #011at java.base/java.util.concurrent.FutureTask.run(FutureTask.java:264)
Apr 13 23:22:08 ubuntu jetbrains-clion.desktop[108971]: #011at java.base/java.util.concurrent.ThreadPoolExecutor.runWorker(ThreadPoolExecutor.java:1128)
Apr 13 23:22:08 ubuntu jetbrains-clion.desktop[108971]: #011at java.base/java.util.concurrent.ThreadPoolExecutor$Worker.run(ThreadPoolExecutor.java:628)
Apr 13 23:22:08 ubuntu jetbrains-clion.desktop[108971]: #011at java.base/java.util.concurrent.Executors$PrivilegedThreadFactory$1$1.run(Executors.java:668)
Apr 13 23:22:08 ubuntu jetbrains-clion.desktop[108971]: #011at java.base/java.util.concurrent.Executors$PrivilegedThreadFactory$1$1.run(Executors.java:665)
Apr 13 23:22:08 ubuntu jetbrains-clion.desktop[108971]: #011at java.base/java.security.AccessController.doPrivileged(Native Method)
Apr 13 23:22:08 ubuntu jetbrains-clion.desktop[108971]: #011at java.base/java.util.concurrent.Executors$PrivilegedThreadFactory$1.run(Executors.java:665)
Apr 13 23:22:08 ubuntu jetbrains-clion.desktop[108971]: #011at java.base/java.lang.Thread.run(Thread.java:834)
Apr 13 23:22:21 ubuntu /usr/lib/gdm3/gdm-x-session[1540]: (EE) client bug: timer event2 debounce short: offset negative (-5ms)
Apr 13 23:22:23 ubuntu /usr/lib/gdm3/gdm-x-session[1540]: (EE) client bug: timer event2 debounce: offset negative (-95ms)
Apr 13 23:22:23 ubuntu /usr/lib/gdm3/gdm-x-session[1540]: (EE) client bug: timer event2 debounce short: offset negative (-211ms)
Apr 13 23:22:24 ubuntu /usr/lib/gdm3/gdm-x-session[1540]: (EE) client bug: timer event2 debounce: offset negative (-27ms)
Apr 13 23:22:28 ubuntu /usr/lib/gdm3/gdm-x-session[1540]: (EE) client bug: timer event2 debounce: offset negative (-118ms)
Apr 13 23:22:28 ubuntu /usr/lib/gdm3/gdm-x-session[1540]: (EE) client bug: timer event2 debounce short: offset negative (-197ms)
Apr 13 23:22:28 ubuntu /usr/lib/gdm3/gdm-x-session[1540]: (EE) client bug: timer event2 debounce: offset negative (-121ms)
Apr 13 23:22:28 ubuntu /usr/lib/gdm3/gdm-x-session[1540]: (EE) client bug: timer event2 debounce: offset negative (-5ms)
Apr 13 23:22:28 ubuntu /usr/lib/gdm3/gdm-x-session[1540]: (EE) client bug: timer event2 debounce short: offset negative (-18ms)
Apr 13 23:22:40 ubuntu /usr/lib/gdm3/gdm-x-session[1540]: (EE) client bug: timer event2 debounce: offset negative (-33ms)
Apr 13 23:22:41 ubuntu /usr/lib/gdm3/gdm-x-session[1540]: (EE) client bug: timer event2 debounce short: offset negative (-65ms)
Apr 13 23:22:41 ubuntu /usr/lib/gdm3/gdm-x-session[1540]: (EE) client bug: timer event2 debounce: offset negative (-17ms)
Apr 13 23:22:41 ubuntu /usr/lib/gdm3/gdm-x-session[1540]: (EE) client bug: timer event2 debounce short: offset negative (-197ms)
Apr 13 23:22:41 ubuntu /usr/lib/gdm3/gdm-x-session[1540]: (EE) client bug: timer event2 debounce: offset negative (-118ms)
Apr 13 23:22:48 ubuntu jetbrains-clion.desktop[108971]: 2021-04-13 23:22:48,875 [ 323449]   WARN - .diagnostic.PerformanceWatcher - UI was frozen for 23086ms, details saved to /home/like/.cache/JetBrains/CLion2020.3/log/threadDumps-freeze-20210413-232230-CL-203.7148.70-BasicMenuUI_Handler.mousePressed-23sec
Apr 13 23:22:59 ubuntu gnome-shell[1691]: pushModal: invocation of begin_modal failed
Apr 13 23:22:59 ubuntu jetbrains-clion.desktop[108971]: exec_pty(75): returning due to error: Cannot allocate memory
Apr 13 23:22:59 ubuntu jetbrains-clion.desktop[108971]: 2021-04-13 23:22:59,962 [ 334536]   WARN - .configurations.PtyCommandLine - Couldn't run process with PTY
Apr 13 23:23:00 ubuntu jetbrains-clion.desktop[108971]: java.io.IOException: Exec_tty error:Unknown reason
Apr 13 23:23:00 ubuntu jetbrains-clion.desktop[108971]: #011at com.pty4j.unix.UnixPtyProcess.execInPty(UnixPtyProcess.java:208)
Apr 13 23:23:00 ubuntu jetbrains-clion.desktop[108971]: #011at com.pty4j.unix.UnixPtyProcess.<init>(UnixPtyProcess.java:55)
Apr 13 23:23:00 ubuntu jetbrains-clion.desktop[108971]: #011at com.pty4j.PtyProcessBuilder.start(PtyProcessBuilder.java:127)
Apr 13 23:23:00 ubuntu jetbrains-clion.desktop[108971]: #011at com.intellij.execution.configurations.PtyCommandLine.doStartProcessWithPty(PtyCommandLine.java:252)
Apr 13 23:23:00 ubuntu jetbrains-clion.desktop[108971]: #011at com.intellij.execution.configurations.PtyCommandLine.startProcessWithPty(PtyCommandLine.java:209)
Apr 13 23:23:00 ubuntu jetbrains-clion.desktop[108971]: #011at com.intellij.execution.configurations.PtyCommandLine.startProcess(PtyCommandLine.java:152)
Apr 13 23:23:00 ubuntu jetbrains-clion.desktop[108971]: #011at com.intellij.execution.configurations.GeneralCommandLine.createProcess(GeneralCommandLine.java:376)
Apr 13 23:23:00 ubuntu jetbrains-clion.desktop[108971]: #011at com.intellij.execution.process.OSProcessHandler.startProcess(OSProcessHandler.java:101)
Apr 13 23:23:00 ubuntu jetbrains-clion.desktop[108971]: #011at com.intellij.execution.process.OSProcessHandler.<init>(OSProcessHandler.java:49)
Apr 13 23:23:00 ubuntu jetbrains-clion.desktop[108971]: #011at com.intellij.execution.process.KillableProcessHandler.<init>(KillableProcessHandler.java:37)
Apr 13 23:23:00 ubuntu jetbrains-clion.desktop[108971]: #011at com.intellij.execution.process.ColoredProcessHandler.<init>(ColoredProcessHandler.java:24)
Apr 13 23:23:00 ubuntu jetbrains-clion.desktop[108971]: #011at com.jetbrains.cidr.system.LocalHost$MyColoredProcessHandler.<init>(LocalHost.java:145)
Apr 13 23:23:00 ubuntu jetbrains-clion.desktop[108971]: #011at com.jetbrains.cidr.system.LocalHost$1.build(LocalHost.java:70)
Apr 13 23:23:00 ubuntu jetbrains-clion.desktop[108971]: #011at com.jetbrains.cidr.system.CidrProcessBuilder.build(CidrProcessBuilder.kt:28)
Apr 13 23:23:00 ubuntu jetbrains-clion.desktop[108971]: #011at com.jetbrains.cidr.system.HostMachine.createProcess(HostMachine.java:61)
Apr 13 23:23:00 ubuntu jetbrains-clion.desktop[108971]: #011at com.jetbrains.cidr.cpp.execution.CLionLauncher.createProcessHandler(CLionLauncher.kt:118)
Apr 13 23:23:00 ubuntu jetbrains-clion.desktop[108971]: #011at com.jetbrains.cidr.cpp.execution.CLionLauncher.createProcess(CLionLauncher.kt:70)
Apr 13 23:23:00 ubuntu jetbrains-clion.desktop[108971]: #011at com.jetbrains.cidr.execution.CidrLauncher.startProcess(CidrLauncher.java:22)
Apr 13 23:23:00 ubuntu jetbrains-clion.desktop[108971]: #011at com.jetbrains.cidr.execution.CidrCommandLineState.startProcess(CidrCommandLineState.java:35)
Apr 13 23:23:00 ubuntu jetbrains-clion.desktop[108971]: #011at com.intellij.execution.configurations.CommandLineState.execute(CommandLineState.java:61)
Apr 13 23:23:00 ubuntu jetbrains-clion.desktop[108971]: #011at com.jetbrains.cidr.execution.CidrCommandLineState.execute(CidrCommandLineState.java:41)
Apr 13 23:23:00 ubuntu jetbrains-clion.desktop[108971]: #011at com.intellij.execution.runners.DefaultProgramRunnerKt.executeState(DefaultProgramRunner.kt:32)
Apr 13 23:23:00 ubuntu jetbrains-clion.desktop[108971]: #011at com.jetbrains.cidr.execution.CidrRunner.doExecute(CidrRunner.java:40)
Apr 13 23:23:00 ubuntu jetbrains-clion.desktop[108971]: #011at com.jetbrains.cidr.cpp.execution.CLionRunner.doExecute(CLionRunner.kt:33)
Apr 13 23:23:00 ubuntu jetbrains-clion.desktop[108971]: #011at com.jetbrains.cidr.execution.CidrRunner.lambda$execute$0(CidrRunner.java:34)
Apr 13 23:23:00 ubuntu jetbrains-clion.desktop[108971]: #011at com.intellij.execution.ExecutionManager$startRunProfile$1.invoke(ExecutionManager.kt:65)
Apr 13 23:23:00 ubuntu jetbrains-clion.desktop[108971]: #011at com.intellij.execution.ExecutionManager$startRunProfile$1.invoke(ExecutionManager.kt:19)
Apr 13 23:23:00 ubuntu jetbrains-clion.desktop[108971]: #011at com.intellij.execution.impl.ExecutionManagerImpl$startRunProfile$1.invoke(ExecutionManagerImpl.kt:155)
Apr 13 23:23:00 ubuntu jetbrains-clion.desktop[108971]: #011at com.intellij.execution.impl.ExecutionManagerImpl$startRunProfile$1.invoke(ExecutionManagerImpl.kt:65)
Apr 13 23:23:00 ubuntu jetbrains-clion.desktop[108971]: #011at com.intellij.execution.impl.ExecutionManagerImpl$doStartRunProfile$startRunnable$1.run(ExecutionManagerImpl.kt:216)
Apr 13 23:23:00 ubuntu jetbrains-clion.desktop[108971]: #011at com.intellij.openapi.application.TransactionGuardImpl.runWithWritingAllowed(TransactionGuardImpl.java:216)
Apr 13 23:23:00 ubuntu jetbrains-clion.desktop[108971]: #011at com.intellij.openapi.application.TransactionGuardImpl.access$200(TransactionGuardImpl.java:24)
Apr 13 23:23:00 ubuntu jetbrains-clion.desktop[108971]: #011at com.intellij.openapi.application.TransactionGuardImpl$2.run(TransactionGuardImpl.java:199)
Apr 13 23:23:00 ubuntu jetbrains-clion.desktop[108971]: #011at com.intellij.openapi.application.impl.ApplicationImpl.runIntendedWriteActionOnCurrentThread(ApplicationImpl.java:822)
Apr 13 23:23:00 ubuntu jetbrains-clion.desktop[108971]: #011at com.intellij.openapi.application.impl.ApplicationImpl.lambda$invokeLater$4(ApplicationImpl.java:324)
Apr 13 23:23:00 ubuntu jetbrains-clion.desktop[108971]: #011at com.intellij.openapi.application.impl.FlushQueue.doRun(FlushQueue.java:85)
Apr 13 23:23:00 ubuntu jetbrains-clion.desktop[108971]: #011at com.intellij.openapi.application.impl.FlushQueue.runNextEvent(FlushQueue.java:134)
Apr 13 23:23:00 ubuntu jetbrains-clion.desktop[108971]: #011at com.intellij.openapi.application.impl.FlushQueue.flushNow(FlushQueue.java:47)
Apr 13 23:23:00 ubuntu jetbrains-clion.desktop[108971]: #011at com.intellij.openapi.application.impl.FlushQueue$FlushNow.run(FlushQueue.java:190)
Apr 13 23:23:00 ubuntu jetbrains-clion.desktop[108971]: #011at java.desktop/java.awt.event.InvocationEvent.dispatch(InvocationEvent.java:313)
Apr 13 23:23:00 ubuntu jetbrains-clion.desktop[108971]: #011at java.desktop/java.awt.EventQueue.dispatchEventImpl(EventQueue.java:776)
Apr 13 23:23:00 ubuntu jetbrains-clion.desktop[108971]: #011at java.desktop/java.awt.EventQueue$4.run(EventQueue.java:727)
Apr 13 23:23:00 ubuntu jetbrains-clion.desktop[108971]: #011at java.desktop/java.awt.EventQueue$4.run(EventQueue.java:721)
Apr 13 23:23:00 ubuntu jetbrains-clion.desktop[108971]: #011at java.base/java.security.AccessController.doPrivileged(Native Method)
Apr 13 23:23:00 ubuntu jetbrains-clion.desktop[108971]: #011at java.base/java.security.ProtectionDomain$JavaSecurityAccessImpl.doIntersectionPrivilege(ProtectionDomain.java:85)
Apr 13 23:23:00 ubuntu jetbrains-clion.desktop[108971]: #011at java.desktop/java.awt.EventQueue.dispatchEvent(EventQueue.java:746)
Apr 13 23:23:00 ubuntu jetbrains-clion.desktop[108971]: #011at com.intellij.ide.IdeEventQueue.defaultDispatchEvent(IdeEventQueue.java:976)
Apr 13 23:23:00 ubuntu jetbrains-clion.desktop[108971]: #011at com.intellij.ide.IdeEventQueue._dispatchEvent(IdeEventQueue.java:843)
Apr 13 23:23:00 ubuntu jetbrains-clion.desktop[108971]: #011at com.intellij.ide.IdeEventQueue.lambda$dispatchEvent$8(IdeEventQueue.java:454)
Apr 13 23:23:00 ubuntu jetbrains-clion.desktop[108971]: #011at com.intellij.openapi.progress.impl.CoreProgressManager.computePrioritized(CoreProgressManager.java:773)
Apr 13 23:23:00 ubuntu jetbrains-clion.desktop[108971]: #011at com.intellij.ide.IdeEventQueue.lambda$dispatchEvent$9(IdeEventQueue.java:453)
Apr 13 23:23:00 ubuntu jetbrains-clion.desktop[108971]: #011at com.intellij.openapi.application.impl.ApplicationImpl.runIntendedWriteActionOnCurrentThread(ApplicationImpl.java:822)
Apr 13 23:23:00 ubuntu jetbrains-clion.desktop[108971]: #011at com.intellij.ide.IdeEventQueue.dispatchEvent(IdeEventQueue.java:501)
Apr 13 23:23:00 ubuntu jetbrains-clion.desktop[108971]: #011at java.desktop/java.awt.EventDispatchThread.pumpOneEventForFilters(EventDispatchThread.java:203)
Apr 13 23:23:00 ubuntu jetbrains-clion.desktop[108971]: #011at java.desktop/java.awt.EventDispatchThread.pumpEventsForFilter(EventDispatchThread.java:124)
Apr 13 23:23:00 ubuntu jetbrains-clion.desktop[108971]: #011at java.desktop/java.awt.EventDispatchThread.pumpEventsForHierarchy(EventDispatchThread.java:113)
Apr 13 23:23:00 ubuntu jetbrains-clion.desktop[108971]: #011at java.desktop/java.awt.EventDispatchThread.pumpEvents(EventDispatchThread.java:109)
Apr 13 23:23:00 ubuntu jetbrains-clion.desktop[108971]: #011at java.desktop/java.awt.EventDispatchThread.pumpEvents(EventDispatchThread.java:101)
Apr 13 23:23:00 ubuntu jetbrains-clion.desktop[108971]: #011at java.desktop/java.awt.EventDispatchThread.run(EventDispatchThread.java:90)
Apr 14 14:23:18 ubuntu dhclient[9558]: DHCPREQUEST of 192.168.182.129 on ens33 to 192.168.182.254 port 67 (xid=0x79862f89)
Apr 14 14:23:18 ubuntu dhclient[9558]: DHCPACK of 192.168.182.129 from 192.168.182.254
Apr 14 14:23:18 ubuntu NetworkManager[731]: <info>  [1618381398.6851] dhcp4 (ens33):   address 192.168.182.129
Apr 14 14:23:18 ubuntu NetworkManager[731]: <info>  [1618381398.6851] dhcp4 (ens33):   plen 24 (255.255.255.0)
Apr 14 14:23:18 ubuntu NetworkManager[731]: <info>  [1618381398.6860] dhcp4 (ens33):   gateway 192.168.182.2
Apr 14 14:23:18 ubuntu NetworkManager[731]: <info>  [1618381398.6861] dhcp4 (ens33):   lease time 1800
Apr 14 14:23:18 ubuntu NetworkManager[731]: <info>  [1618381398.6861] dhcp4 (ens33):   nameserver '192.168.182.2'
Apr 14 14:23:18 ubuntu NetworkManager[731]: <info>  [1618381398.6861] dhcp4 (ens33):   domain name 'localdomain'
Apr 14 14:23:18 ubuntu NetworkManager[731]: <info>  [1618381398.6861] dhcp4 (ens33):   wins '192.168.182.2'
Apr 14 14:23:18 ubuntu NetworkManager[731]: <info>  [1618381398.6861] dhcp4 (ens33): state changed bound -> bound
Apr 14 14:23:18 ubuntu dbus-daemon[676]: [system] Activating via systemd: service name='org.freedesktop.nm_dispatcher' unit='dbus-org.freedesktop.nm-dispatcher.service' requested by ':1.13' (uid=0 pid=731 comm="/usr/sbin/NetworkManager --no-daemon " label="unconfined")
Apr 14 14:23:18 ubuntu dhclient[9558]: bound to 192.168.182.129 -- renewal in 688 seconds.
Apr 14 14:23:18 ubuntu systemd[1]: Starting Network Manager Script Dispatcher Service...
Apr 14 14:23:18 ubuntu dbus-daemon[676]: [system] Successfully activated service 'org.freedesktop.nm_dispatcher'
Apr 14 14:23:18 ubuntu systemd[1]: Started Network Manager Script Dispatcher Service.
Apr 14 14:23:18 ubuntu nm-dispatcher: req:1 'dhcp4-change' [ens33]: new request (1 scripts)
Apr 14 14:23:18 ubuntu nm-dispatcher: req:1 'dhcp4-change' [ens33]: start running ordered scripts...
Apr 13 23:24:30 ubuntu NetworkManager[666]: <info>  [1618381470.8303] connectivity: (ens33) timed out
Apr 13 23:24:37 ubuntu jetbrains-clion.desktop[108971]: exec_pty(75): returning due to error: Cannot allocate memory
Apr 13 23:24:37 ubuntu jetbrains-clion.desktop[108971]: 2021-04-13 23:24:37,904 [ 432478]   WARN - .configurations.PtyCommandLine - Couldn't run process with PTY
Apr 13 23:24:37 ubuntu jetbrains-clion.desktop[108971]: java.io.IOException: Exec_tty error:Unknown reason
Apr 13 23:24:37 ubuntu jetbrains-clion.desktop[108971]: #011at com.pty4j.unix.UnixPtyProcess.execInPty(UnixPtyProcess.java:208)
Apr 13 23:24:37 ubuntu jetbrains-clion.desktop[108971]: #011at com.pty4j.unix.UnixPtyProcess.<init>(UnixPtyProcess.java:55)
Apr 13 23:24:37 ubuntu jetbrains-clion.desktop[108971]: #011at com.pty4j.PtyProcessBuilder.start(PtyProcessBuilder.java:127)
Apr 13 23:24:37 ubuntu jetbrains-clion.desktop[108971]: #011at com.intellij.execution.configurations.PtyCommandLine.doStartProcessWithPty(PtyCommandLine.java:252)
Apr 13 23:24:37 ubuntu jetbrains-clion.desktop[108971]: #011at com.intellij.execution.configurations.PtyCommandLine.startProcessWithPty(PtyCommandLine.java:209)
Apr 13 23:24:37 ubuntu jetbrains-clion.desktop[108971]: #011at com.intellij.execution.configurations.PtyCommandLine.startProcess(PtyCommandLine.java:152)
Apr 13 23:24:37 ubuntu jetbrains-clion.desktop[108971]: #011at com.intellij.execution.configurations.GeneralCommandLine.createProcess(GeneralCommandLine.java:376)
Apr 13 23:24:37 ubuntu jetbrains-clion.desktop[108971]: #011at com.intellij.execution.process.OSProcessHandler.startProcess(OSProcessHandler.java:101)
Apr 13 23:24:37 ubuntu jetbrains-clion.desktop[108971]: #011at com.intellij.execution.process.OSProcessHandler.<init>(OSProcessHandler.java:49)
Apr 13 23:24:37 ubuntu jetbrains-clion.desktop[108971]: #011at com.intellij.execution.process.KillableProcessHandler.<init>(KillableProcessHandler.java:37)
Apr 13 23:24:37 ubuntu jetbrains-clion.desktop[108971]: #011at com.intellij.execution.process.ColoredProcessHandler.<init>(ColoredProcessHandler.java:24)
Apr 13 23:24:37 ubuntu jetbrains-clion.desktop[108971]: #011at com.jetbrains.cidr.system.LocalHost$MyColoredProcessHandler.<init>(LocalHost.java:145)
Apr 13 23:24:37 ubuntu jetbrains-clion.desktop[108971]: #011at com.jetbrains.cidr.system.LocalHost$1.build(LocalHost.java:70)
Apr 13 23:24:37 ubuntu jetbrains-clion.desktop[108971]: #011at com.jetbrains.cidr.system.CidrProcessBuilder.build(CidrProcessBuilder.kt:28)
Apr 13 23:24:37 ubuntu jetbrains-clion.desktop[108971]: #011at com.jetbrains.cidr.system.HostMachine.createProcess(HostMachine.java:61)
Apr 13 23:24:37 ubuntu jetbrains-clion.desktop[108971]: #011at com.jetbrains.cidr.system.HostMachine.createProcess(HostMachine.java:33)
Apr 13 23:24:37 ubuntu jetbrains-clion.desktop[108971]: #011at com.jetbrains.cidr.cpp.execution.build.CMakeBuild.createBuildProcess(CMakeBuild.java:473)
Apr 13 23:24:37 ubuntu jetbrains-clion.desktop[108971]: #011at com.jetbrains.cidr.cpp.execution.build.CMakeBuild.lambda$execute$2(CMakeBuild.java:307)
Apr 13 23:24:37 ubuntu jetbrains-clion.desktop[108971]: #011at com.jetbrains.cidr.cpp.cmake.workspace.CMakeWorkspaceWatcher.lambda$lockModelDuring$2(CMakeWorkspaceWatcher.java:360)
Apr 13 23:24:37 ubuntu jetbrains-clion.desktop[108971]: #011at com.intellij.util.RunnableCallable.call(RunnableCallable.java:20)
Apr 13 23:24:37 ubuntu jetbrains-clion.desktop[108971]: #011at com.intellij.util.RunnableCallable.call(RunnableCallable.java:11)
Apr 13 23:24:37 ubuntu jetbrains-clion.desktop[108971]: #011at com.intellij.openapi.application.impl.ApplicationImpl$1.call(ApplicationImpl.java:270)
Apr 13 23:24:37 ubuntu jetbrains-clion.desktop[108971]: #011at java.base/java.util.concurrent.FutureTask.run(FutureTask.java:264)
Apr 13 23:24:37 ubuntu jetbrains-clion.desktop[108971]: #011at java.base/java.util.concurrent.ThreadPoolExecutor.runWorker(ThreadPoolExecutor.java:1128)
Apr 13 23:24:37 ubuntu jetbrains-clion.desktop[108971]: #011at java.base/java.util.concurrent.ThreadPoolExecutor$Worker.run(ThreadPoolExecutor.java:628)
Apr 13 23:24:37 ubuntu jetbrains-clion.desktop[108971]: #011at java.base/java.util.concurrent.Executors$PrivilegedThreadFactory$1$1.run(Executors.java:668)
Apr 13 23:24:37 ubuntu jetbrains-clion.desktop[108971]: #011at java.base/java.util.concurrent.Executors$PrivilegedThreadFactory$1$1.run(Executors.java:665)
Apr 13 23:24:37 ubuntu jetbrains-clion.desktop[108971]: #011at java.base/java.security.AccessController.doPrivileged(Native Method)
Apr 13 23:24:37 ubuntu jetbrains-clion.desktop[108971]: #011at java.base/java.util.concurrent.Executors$PrivilegedThreadFactory$1.run(Executors.java:665)
Apr 13 23:24:37 ubuntu jetbrains-clion.desktop[108971]: #011at java.base/java.lang.Thread.run(Thread.java:834)
Apr 13 23:24:54 ubuntu /usr/lib/gdm3/gdm-x-session[1540]: (EE) client bug: timer event2 debounce: offset negative (-126ms)
Apr 13 23:24:54 ubuntu /usr/lib/gdm3/gdm-x-session[1540]: (EE) client bug: timer event2 debounce short: offset negative (-10ms)
Apr 13 23:25:04 ubuntu dhclient[107783]: DHCPREQUEST of 192.168.182.128 on ens33 to 192.168.182.254 port 67 (xid=0x14f16e5a)
Apr 13 23:25:04 ubuntu dhclient[107783]: DHCPACK of 192.168.182.128 from 192.168.182.254
Apr 13 23:25:04 ubuntu NetworkManager[666]: <info>  [1618381504.6834] dhcp4 (ens33):   address 192.168.182.128
Apr 13 23:25:04 ubuntu NetworkManager[666]: <info>  [1618381504.6942] dhcp4 (ens33):   plen 24 (255.255.255.0)
Apr 13 23:25:05 ubuntu dbus-daemon[648]: [system] Activating via systemd: service name='org.freedesktop.nm_dispatcher' unit='dbus-org.freedesktop.nm-dispatcher.service' requested by ':1.11' (uid=0 pid=666 comm="/usr/sbin/NetworkManager --no-daemon " label="unconfined")
Apr 13 23:25:05 ubuntu NetworkManager[666]: <info>  [1618381504.6963] dhcp4 (ens33):   gateway 192.168.182.2
Apr 13 23:25:05 ubuntu dhclient[107783]: bound to 192.168.182.128 -- renewal in 736 seconds.
Apr 13 23:25:05 ubuntu NetworkManager[666]: <info>  [1618381504.6973] dhcp4 (ens33):   lease time 1800
Apr 13 23:25:05 ubuntu NetworkManager[666]: <info>  [1618381504.6973] dhcp4 (ens33):   nameserver '192.168.182.2'
Apr 13 23:25:05 ubuntu NetworkManager[666]: <info>  [1618381504.6973] dhcp4 (ens33):   domain name 'localdomain'
Apr 13 23:25:05 ubuntu NetworkManager[666]: <info>  [1618381504.6973] dhcp4 (ens33):   wins '192.168.182.2'
Apr 13 23:25:05 ubuntu NetworkManager[666]: <info>  [1618381504.6973] dhcp4 (ens33): state changed bound -> bound
Apr 13 23:25:06 ubuntu dbus-daemon[648]: [system] Successfully activated service 'org.freedesktop.nm_dispatcher'
Apr 13 23:25:06 ubuntu systemd[1]: Starting Network Manager Script Dispatcher Service...
Apr 13 23:25:06 ubuntu nm-dispatcher: req:1 'dhcp4-change' [ens33]: new request (1 scripts)
Apr 13 23:25:06 ubuntu /usr/lib/gdm3/gdm-x-session[1540]: (EE) client bug: timer event2 debounce: offset negative (-663ms)
Apr 13 23:25:06 ubuntu systemd[1]: Started Network Manager Script Dispatcher Service.
Apr 13 23:25:06 ubuntu nm-dispatcher: req:1 'dhcp4-change' [ens33]: start running ordered scripts...
Apr 13 23:25:06 ubuntu /usr/lib/gdm3/gdm-x-session[1540]: (EE) client bug: timer event2 debounce: offset negative (-880ms)
Apr 13 23:25:06 ubuntu /usr/lib/gdm3/gdm-x-session[1540]: (EE) client bug: timer event2 debounce short: offset negative (-935ms)
Apr 13 23:25:06 ubuntu /usr/lib/gdm3/gdm-x-session[1540]: (EE) client bug: timer event2 debounce: offset negative (-349ms)
Apr 13 23:25:06 ubuntu /usr/lib/gdm3/gdm-x-session[1540]: (EE) client bug: timer event2 debounce: offset negative (-263ms)
Apr 13 23:25:06 ubuntu /usr/lib/gdm3/gdm-x-session[1540]: (EE) client bug: timer event2 debounce short: offset negative (-276ms)
Apr 13 23:26:14 ubuntu /usr/lib/gdm3/gdm-x-session[1540]: (EE) client bug: timer event2 debounce: offset negative (-353ms)
Apr 13 23:26:14 ubuntu /usr/lib/gdm3/gdm-x-session[1540]: (EE) client bug: timer event2 debounce short: offset negative (-559ms)
Apr 14 14:26:30 ubuntu NetworkManager[731]: <info>  [1618381590.1431] connectivity: (ens33) timed out
Apr 13 23:27:28 ubuntu /usr/lib/gdm3/gdm-x-session[1540]: (II) event2  - VirtualPS/2 VMware VMMouse: SYN_DROPPED event - some input events have been lost.
Apr 13 23:27:29 ubuntu /usr/lib/gdm3/gdm-x-session[1540]: (EE) client bug: timer event2 debounce: offset negative (-868ms)
Apr 13 23:27:29 ubuntu /usr/lib/gdm3/gdm-x-session[1540]: (EE) client bug: timer event2 debounce: offset negative (-868ms)
Apr 13 23:27:29 ubuntu /usr/lib/gdm3/gdm-x-session[1540]: (EE) client bug: timer event2 debounce short: offset negative (-887ms)
Apr 13 23:27:31 ubuntu /usr/lib/gdm3/gdm-x-session[1540]: (EE) client bug: timer event2 debounce: offset negative (-263ms)
Apr 13 23:27:32 ubuntu /usr/lib/gdm3/gdm-x-session[1540]: (EE) client bug: timer event2 debounce: offset negative (-467ms)
Apr 13 23:27:32 ubuntu /usr/lib/gdm3/gdm-x-session[1540]: (EE) client bug: timer event2 debounce short: offset negative (-489ms)
Apr 14 14:27:37 ubuntu NetworkManager[731]: <info>  [1618381657.6423] manager: disable requested (sleeping: no  enabled: yes)
Apr 14 14:27:37 ubuntu NetworkManager[731]: <info>  [1618381657.6429] manager: NetworkManager state is now ASLEEP
Apr 14 14:27:37 ubuntu NetworkManager[731]: <info>  [1618381657.6450] audit: op="networking-control" arg="off" pid=11058 uid=0 result="success"
Apr 14 14:27:37 ubuntu NetworkManager[731]: <info>  [1618381657.6458] device (ens33): state change: activated -> deactivating (reason 'sleeping', sys-iface-state: 'managed')
Apr 14 14:27:37 ubuntu NetworkManager[731]: <info>  [1618381657.6679] device (ens33): state change: deactivating -> disconnected (reason 'sleeping', sys-iface-state: 'managed')
Apr 14 14:27:37 ubuntu dbus-daemon[676]: [system] Activating via systemd: service name='org.freedesktop.nm_dispatcher' unit='dbus-org.freedesktop.nm-dispatcher.service' requested by ':1.13' (uid=0 pid=731 comm="/usr/sbin/NetworkManager --no-daemon " label="unconfined")
Apr 14 14:27:37 ubuntu avahi-daemon[670]: Withdrawing address record for fe80::c84e:ac72:af90:386b on ens33.
Apr 14 14:27:37 ubuntu avahi-daemon[670]: Leaving mDNS multicast group on interface ens33.IPv6 with address fe80::c84e:ac72:af90:386b.
Apr 14 14:27:37 ubuntu systemd[1]: Starting Network Manager Script Dispatcher Service...
Apr 14 14:27:37 ubuntu deja-dup-monito[2682]: Source ID 172 was not found when attempting to remove it
Apr 13 23:27:41 ubuntu jetbrains-clion.desktop[108971]: 2021-04-13 23:27:41,649 [ 616223]   WARN - .diagnostic.PerformanceWatcher - UI was frozen for 6793ms, details saved to /home/like/.cache/JetBrains/CLion2020.3/log/threadDumps-freeze-20210413-232736-CL-203.7148.70-OpenInBrowserRequest.isPhysicalFile-6sec
Apr 13 23:27:45 ubuntu /usr/lib/gdm3/gdm-x-session[1540]: (EE) client bug: timer event2 debounce: offset negative (-139ms)
Apr 13 23:27:45 ubuntu /usr/lib/gdm3/gdm-x-session[1540]: (EE) client bug: timer event2 debounce: offset negative (-401ms)
Apr 13 23:27:45 ubuntu /usr/lib/gdm3/gdm-x-session[1540]: (EE) client bug: timer event2 debounce short: offset negative (-444ms)
Apr 13 23:27:46 ubuntu /usr/lib/gdm3/gdm-x-session[1540]: (EE) client bug: timer event2 debounce: offset negative (-340ms)
Apr 13 23:27:46 ubuntu /usr/lib/gdm3/gdm-x-session[1540]: (EE) client bug: timer event2 debounce: offset negative (-232ms)
Apr 13 23:27:46 ubuntu /usr/lib/gdm3/gdm-x-session[1540]: (EE) client bug: timer event2 debounce short: offset negative (-245ms)
Apr 13 23:27:46 ubuntu /usr/lib/gdm3/gdm-x-session[1540]: (EE) client bug: timer event2 debounce: offset negative (-274ms)
Apr 13 23:27:47 ubuntu /usr/lib/gdm3/gdm-x-session[1540]: (EE) client bug: timer event2 debounce short: offset negative (-292ms)
Apr 13 23:27:47 ubuntu /usr/lib/gdm3/gdm-x-session[1540]: (EE) client bug: timer event2 debounce: offset negative (-116ms)
Apr 13 23:27:47 ubuntu /usr/lib/gdm3/gdm-x-session[1540]: (EE) client bug: timer event2 debounce: offset negative (-831ms)
Apr 13 23:27:47 ubuntu /usr/lib/gdm3/gdm-x-session[1540]: (EE) client bug: timer event2 debounce: offset negative (-918ms)
Apr 13 23:27:48 ubuntu /usr/lib/gdm3/gdm-x-session[1540]: (EE) client bug: timer event2 debounce short: offset negative (-1033ms)
Apr 13 23:27:53 ubuntu /usr/lib/gdm3/gdm-x-session[1540]: (EE) client bug: timer event2 debounce: offset negative (-215ms)
Apr 13 23:27:53 ubuntu /usr/lib/gdm3/gdm-x-session[1540]: (EE) client bug: timer event2 debounce short: offset negative (-927ms)
Apr 13 23:29:31 ubuntu NetworkManager[666]: <info>  [1618381770.8428] connectivity: (ens33) timed out
Apr 13 23:30:22 ubuntu /usr/lib/gdm3/gdm-x-session[1540]: (EE) client bug: timer event2 debounce: offset negative (-202ms)
Apr 13 23:30:22 ubuntu /usr/lib/gdm3/gdm-x-session[1540]: (EE) client bug: timer event2 debounce: offset negative (-142ms)
Apr 13 23:30:23 ubuntu /usr/lib/gdm3/gdm-x-session[1540]: (EE) client bug: timer event2 debounce short: offset negative (-155ms)
Apr 13 23:30:24 ubuntu /usr/lib/gdm3/gdm-x-session[1540]: (II) event2  - VirtualPS/2 VMware VMMouse: SYN_DROPPED event - some input events have been lost.
Apr 13 23:30:32 ubuntu systemd-timesyncd[55626]: Timed out waiting for reply from 91.189.91.157:123 (ntp.ubuntu.com).
Apr 13 23:30:45 ubuntu kernel: [69408.299365] e1000: ens33 NIC Link is Down
Apr 13 23:30:45 ubuntu NetworkManager[666]: <info>  [1618381842.3157] manager: disable requested (sleeping: no  enabled: yes)
Apr 13 23:31:00 ubuntu kernel: [69410.315730] e1000: ens33 NIC Link is Up 1000 Mbps Full Duplex, Flow Control: None
Apr 13 23:31:02 ubuntu /usr/lib/gdm3/gdm-x-session[1540]: (EE) client bug: timer event2 debounce: offset negative (-713ms)
Apr 13 23:31:02 ubuntu /usr/lib/gdm3/gdm-x-session[1540]: (EE) client bug: timer event2 debounce: offset negative (-617ms)
Apr 13 23:31:04 ubuntu /usr/lib/gdm3/gdm-x-session[1540]: (EE) client bug: timer event2 debounce short: offset negative (-632ms)
Apr 13 23:31:05 ubuntu /usr/lib/gdm3/gdm-x-session[1540]: (EE) client bug: timer event2 debounce: offset negative (-308ms)
Apr 13 23:31:06 ubuntu /usr/lib/gdm3/gdm-x-session[1540]: (EE) client bug: timer event2 debounce: offset negative (-201ms)
Apr 13 23:31:09 ubuntu /usr/lib/gdm3/gdm-x-session[1540]: (EE) client bug: timer event2 debounce short: offset negative (-214ms)
Apr 13 23:31:10 ubuntu /usr/lib/gdm3/gdm-x-session[1540]: (EE) client bug: timer event2 debounce: offset negative (-67ms)
Apr 13 23:31:11 ubuntu /usr/lib/gdm3/gdm-x-session[1540]: (EE) client bug: timer event2 debounce short: offset negative (-6ms)
Apr 13 23:31:12 ubuntu /usr/lib/gdm3/gdm-x-session[1540]: (EE) client bug: timer event2 debounce: offset negative (-305ms)
Apr 13 23:31:14 ubuntu /usr/lib/gdm3/gdm-x-session[1540]: (EE) client bug: timer event2 debounce: offset negative (-1903ms)
Apr 13 23:31:14 ubuntu /usr/lib/gdm3/gdm-x-session[1540]: (EE) client bug: timer event2 debounce short: offset negative (-1925ms)
Apr 13 23:31:14 ubuntu /usr/lib/gdm3/gdm-x-session[1540]: (EE) client bug: timer event2 debounce: offset negative (-1548ms)
Apr 13 23:31:15 ubuntu /usr/lib/gdm3/gdm-x-session[1540]: (EE) client bug: timer event2 debounce: offset negative (-1487ms)
Apr 13 23:31:15 ubuntu /usr/lib/gdm3/gdm-x-session[1540]: (EE) client bug: timer event2 debounce short: offset negative (-1500ms)
Apr 13 23:31:18 ubuntu /usr/lib/gdm3/gdm-x-session[1540]: (EE) client bug: timer event2 debounce: offset negative (-1347ms)
Apr 13 23:31:20 ubuntu /usr/lib/gdm3/gdm-x-session[1540]: (EE) client bug: timer event2 debounce: offset negative (-1293ms)
Apr 13 23:31:22 ubuntu /usr/lib/gdm3/gdm-x-session[1540]: (EE) client bug: timer event2 debounce short: offset negative (-1306ms)
Apr 13 23:31:22 ubuntu /usr/lib/gdm3/gdm-x-session[1540]: (EE) client bug: timer event2 debounce: offset negative (-1100ms)
Apr 13 23:31:24 ubuntu /usr/lib/gdm3/gdm-x-session[1540]: (EE) client bug: timer event2 debounce: offset negative (-1007ms)
Apr 13 23:31:25 ubuntu /usr/lib/gdm3/gdm-x-session[1540]: (EE) client bug: timer event2 debounce short: offset negative (-1020ms)
Apr 13 23:31:25 ubuntu kernel: [69436.161982] mysqld invoked oom-killer: gfp_mask=0x6200ca(GFP_HIGHUSER_MOVABLE), order=0, oom_score_adj=0
Apr 13 23:31:25 ubuntu kernel: [69436.161989] CPU: 1 PID: 109451 Comm: mysqld Not tainted 5.0.0-23-generic #24~18.04.1-Ubuntu
Apr 13 23:31:25 ubuntu kernel: [69436.161990] Hardware name: VMware, Inc. VMware Virtual Platform/440BX Desktop Reference Platform, BIOS 6.00 04/13/2018
Apr 13 23:31:25 ubuntu kernel: [69436.161990] Call Trace:
Apr 13 23:31:25 ubuntu kernel: [69436.162045]  dump_stack+0x63/0x85
Apr 13 23:31:25 ubuntu kernel: [69436.162053]  dump_header+0x57/0x315
Apr 13 23:31:25 ubuntu kernel: [69436.162058]  ? sched_clock+0x9/0x10
Apr 13 23:31:25 ubuntu kernel: [69436.162059]  ? sched_clock+0x9/0x10
Apr 13 23:31:25 ubuntu kernel: [69436.162060]  oom_kill_process+0x254/0x280
Apr 13 23:31:25 ubuntu kernel: [69436.162061]  out_of_memory+0x2b1/0x4f0
Apr 13 23:31:25 ubuntu kernel: [69436.162063]  __alloc_pages_slowpath+0xb32/0xe80
Apr 13 23:31:25 ubuntu kernel: [69436.162065]  __alloc_pages_nodemask+0x2a7/0x2c0
Apr 13 23:31:25 ubuntu kernel: [69436.162070]  alloc_pages_current+0x6a/0xe0
Apr 13 23:31:25 ubuntu kernel: [69436.162072]  __page_cache_alloc+0x6a/0xa0
Apr 13 23:31:25 ubuntu kernel: [69436.162074]  filemap_fault+0x3af/0x850
Apr 13 23:31:25 ubuntu kernel: [69436.162076]  ? __switch_to_asm+0x40/0x70
Apr 13 23:31:25 ubuntu kernel: [69436.162077]  ? __switch_to_asm+0x34/0x70
Apr 13 23:31:25 ubuntu kernel: [69436.162078]  ? __switch_to_asm+0x40/0x70
Apr 13 23:31:25 ubuntu kernel: [69436.162079]  ? __switch_to_asm+0x40/0x70
Apr 13 23:31:25 ubuntu kernel: [69436.162079]  ? __switch_to_asm+0x34/0x70
Apr 13 23:31:25 ubuntu kernel: [69436.162082]  ? xas_load+0xc/0x80
Apr 13 23:31:25 ubuntu kernel: [69436.162083]  ? xas_find+0x15b/0x1a0
Apr 13 23:31:25 ubuntu kernel: [69436.162084]  ? filemap_map_pages+0x18f/0x380
Apr 13 23:31:25 ubuntu kernel: [69436.162090]  ext4_filemap_fault+0x31/0x44
Apr 13 23:31:25 ubuntu kernel: [69436.162093]  __do_fault+0x57/0x11d
Apr 13 23:31:25 ubuntu kernel: [69436.162094]  __handle_mm_fault+0xe25/0x1300
Apr 13 23:31:25 ubuntu kernel: [69436.162095]  handle_mm_fault+0xe3/0x220
Apr 13 23:31:25 ubuntu kernel: [69436.162099]  __do_page_fault+0x292/0x4d0
Apr 13 23:31:25 ubuntu kernel: [69436.162116]  do_page_fault+0x2d/0xf0
Apr 13 23:31:25 ubuntu kernel: [69436.162119]  ? page_fault+0x8/0x30
Apr 13 23:31:25 ubuntu kernel: [69436.162120]  page_fault+0x1e/0x30
Apr 13 23:31:25 ubuntu kernel: [69436.162127] RIP: 0033:0x7fb1b8b2363a
Apr 13 23:31:25 ubuntu kernel: [69436.162134] Code: Bad RIP value.
Apr 13 23:31:25 ubuntu kernel: [69436.162135] RSP: 002b:00007fb19cb678f8 EFLAGS: 00010206
Apr 13 23:31:25 ubuntu kernel: [69436.162138] RAX: 0000000000000000 RBX: 0000000003b9db70 RCX: 00007fb1b8b2363a
Apr 13 23:31:25 ubuntu kernel: [69436.162138] RDX: 0000000000000100 RSI: 0000000000000001 RDI: 00007fb1ac45d000
Apr 13 23:31:25 ubuntu kernel: [69436.162138] RBP: 00007fb19cb67b20 R08: 00007fb19cb67930 R09: 0000000001df7ee0
Apr 13 23:31:25 ubuntu kernel: [69436.162139] R10: 0000000003b9db70 R11: 0000000000000206 R12: 0000000000000000
Apr 13 23:31:26 ubuntu kernel: [69436.162139] R13: 00007fb19cb67dc0 R14: 00007fb1ac45d000 R15: 0000000000000100
Apr 13 23:31:26 ubuntu kernel: [69436.162141] Mem-Info:
Apr 13 23:31:26 ubuntu kernel: [69436.162143] active_anon:254231 inactive_anon:84763 isolated_anon:0
Apr 13 23:31:26 ubuntu kernel: [69436.162143]  active_file:71 inactive_file:86 isolated_file:0
Apr 13 23:31:26 ubuntu kernel: [69436.162143]  unevictable:4 dirty:0 writeback:0 unstable:0
Apr 13 23:31:26 ubuntu kernel: [69436.162143]  slab_reclaimable:13040 slab_unreclaimable:16992
Apr 13 23:31:26 ubuntu kernel: [69436.162143]  mapped:36 shmem:333 pagetables:11912 bounce:0
Apr 13 23:31:26 ubuntu kernel: [69436.162143]  free:13151 free_pcp:684 free_cma:0
Apr 13 23:31:26 ubuntu kernel: [69436.162146] Node 0 active_anon:1016924kB inactive_anon:339052kB active_file:284kB inactive_file:344kB unevictable:16kB isolated(anon):0kB isolated(file):0kB mapped:144kB dirty:0kB writeback:0kB shmem:1332kB shmem_thp: 0kB shmem_pmdmapped: 0kB anon_thp: 0kB writeback_tmp:0kB unstable:0kB all_unreclaimable? yes
Apr 13 23:31:26 ubuntu kernel: [69436.162146] Node 0 DMA free:7976kB min:364kB low:452kB high:540kB active_anon:5408kB inactive_anon:1296kB active_file:0kB inactive_file:0kB unevictable:0kB writepending:0kB present:15988kB managed:15904kB mlocked:0kB kernel_stack:0kB pagetables:92kB bounce:0kB free_pcp:0kB local_pcp:0kB free_cma:0kB
Apr 13 23:31:26 ubuntu kernel: [69436.162148] lowmem_reserve[]: 0 1903 1903 1903 1903
Apr 13 23:31:26 ubuntu kernel: [69436.162150] Node 0 DMA32 free:44628kB min:44688kB low:55860kB high:67032kB active_anon:1011516kB inactive_anon:337756kB active_file:644kB inactive_file:544kB unevictable:16kB writepending:0kB present:2080640kB managed:1997560kB mlocked:16kB kernel_stack:14272kB pagetables:47556kB bounce:0kB free_pcp:2736kB local_pcp:1264kB free_cma:0kB
Apr 13 23:31:26 ubuntu kernel: [69436.162152] lowmem_reserve[]: 0 0 0 0 0
Apr 13 23:31:26 ubuntu kernel: [69436.162153] Node 0 DMA: 12*4kB (UM) 7*8kB (UM) 6*16kB (UM) 5*32kB (UM) 3*64kB (U) 2*128kB (U) 2*256kB (UM) 1*512kB (U) 2*1024kB (UM) 2*2048kB (UE) 0*4096kB = 7976kB
Apr 13 23:31:26 ubuntu kernel: [69436.162158] Node 0 DMA32: 532*4kB (UME) 1301*8kB (UME) 650*16kB (UME) 465*32kB (UME) 106*64kB (UME) 5*128kB (UM) 0*256kB 0*512kB 0*1024kB 0*2048kB 0*4096kB = 45240kB
Apr 13 23:31:26 ubuntu kernel: [69436.162165] Node 0 hugepages_total=0 hugepages_free=0 hugepages_surp=0 hugepages_size=1048576kB
Apr 13 23:31:26 ubuntu kernel: [69436.162168] Node 0 hugepages_total=0 hugepages_free=0 hugepages_surp=0 hugepages_size=2048kB
Apr 13 23:31:26 ubuntu kernel: [69436.162168] 536 total pagecache pages
Apr 13 23:31:26 ubuntu kernel: [69436.162170] 5 pages in swap cache
Apr 13 23:31:26 ubuntu kernel: [69436.162171] Swap cache stats: add 1129307, delete 1129300, find 219567/404114
Apr 13 23:31:26 ubuntu kernel: [69436.162172] Free swap  = 0kB
Apr 13 23:31:26 ubuntu kernel: [69436.162172] Total swap = 969960kB
Apr 13 23:31:26 ubuntu kernel: [69436.162172] 524157 pages RAM
Apr 13 23:31:26 ubuntu kernel: [69436.162173] 0 pages HighMem/MovableOnly
Apr 13 23:31:26 ubuntu kernel: [69436.162173] 20791 pages reserved
Apr 13 23:31:26 ubuntu kernel: [69436.162173] 0 pages cma reserved
Apr 13 23:31:26 ubuntu kernel: [69436.162173] 0 pages hwpoisoned
Apr 13 23:31:26 ubuntu kernel: [69436.162174] Tasks state (memory values in pages):
Apr 13 23:31:26 ubuntu kernel: [69436.162174] [  pid  ]   uid  tgid total_vm      rss pgtables_bytes swapents oom_score_adj name
Apr 13 23:31:26 ubuntu kernel: [69436.162187] [    620]   116   620    11815       50   135168       61             0 avahi-daemon
Apr 13 23:31:26 ubuntu kernel: [69436.162189] [    623]     0   623   127419       93   348160      475             0 udisksd
Apr 13 23:31:26 ubuntu kernel: [69436.162191] [    630]     0   630   108583        0   348160      399             0 ModemManager
Apr 13 23:31:26 ubuntu kernel: [69436.162193] [    631]     0   631    72435       41   196608      226             0 accounts-daemon
Apr 13 23:31:26 ubuntu kernel: [69436.162194] [    632]   116   632    11770        0   126976       84             0 avahi-daemon
Apr 13 23:31:26 ubuntu kernel: [69436.162195] [    641]     0   641     1139        6    53248       35             0 acpid
Apr 13 23:31:26 ubuntu kernel: [69436.162196] [    643]     0   643    42632        1   221184     1975             0 networkd-dispat
Apr 13 23:31:26 ubuntu kernel: [69436.162197] [    648]   103   648    12978      470   151552      162          -900 dbus-daemon
Apr 13 23:31:26 ubuntu kernel: [69436.162198] [    666]     0   666   141848      479   458752      349             0 NetworkManager
Apr 13 23:31:26 ubuntu kernel: [69436.162215] [    668]     0   668    17689       50   176128      160             0 systemd-logind
Apr 13 23:31:26 ubuntu kernel: [69436.162216] [    681]     0   681    27630       38   118784       61             0 irqbalance
Apr 13 23:31:26 ubuntu kernel: [69436.162217] [    687]     0   687     7831       24   106496       48             0 cron
Apr 13 23:31:26 ubuntu kernel: [69436.162219] [    706]     0   706    75966      163   237568      987             0 polkitd
Apr 13 23:31:26 ubuntu kernel: [69436.162221] [    723]     0   723    46812        0   253952     2001             0 unattended-upgr
Apr 13 23:31:26 ubuntu kernel: [69436.162223] [    738]     0   738    75272        0   217088      319             0 gdm3
Apr 13 23:31:26 ubuntu kernel: [69436.162226] [    992]     0   992    78802        0   233472      341             0 upowerd
Apr 13 23:31:26 ubuntu kernel: [69436.162229] [   1018]     0  1018    63611        1   274432      294             0 gdm-session-wor
Apr 13 23:31:26 ubuntu kernel: [69436.162230] [   1027]   121  1027    19268      102   192512      252             0 systemd
Apr 13 23:31:26 ubuntu kernel: [69436.162232] [   1028]   121  1028    28498        0   249856      613             0 (sd-pam)
Apr 13 23:31:26 ubuntu kernel: [69436.162234] [   1059]   121  1059    51257        1   172032      170             0 gdm-x-session
Apr 13 23:31:26 ubuntu kernel: [69436.162235] [   1061]   121  1061    85247       58   507904     3340             0 Xorg
Apr 13 23:31:26 ubuntu kernel: [69436.162236] [   1224]     0  1224    66749        0   147456      182             0 vmware-vmblock-
Apr 13 23:31:26 ubuntu kernel: [69436.162237] [   1246]     0  1246    46855      275   253952      398             0 vmtoolsd
Apr 13 23:31:26 ubuntu kernel: [69436.162239] [   1267]     0  1267    16845        0   167936      399             0 VGAuthService
Apr 13 23:31:26 ubuntu kernel: [69436.162240] [   1273]   112  1273   135630      186   405504      303             0 whoopsie
Apr 13 23:31:26 ubuntu kernel: [69436.162242] [   1276]   113  1276    14236       26   139264       86             0 kerneloops
Apr 13 23:31:26 ubuntu kernel: [69436.162245] [   1282]   113  1282    14236       26   143360       87             0 kerneloops
Apr 13 23:31:26 ubuntu kernel: [69436.162246] [   1321]   121  1321    12597        0   139264      247             0 dbus-daemon
Apr 13 23:31:26 ubuntu kernel: [69436.162249] [   1324]   121  1324   174864        0   430080      657             0 gnome-session-b
Apr 13 23:31:26 ubuntu kernel: [69436.162250] [   1329]   121  1329    89031        1   188416      217             0 at-spi-bus-laun
Apr 13 23:31:26 ubuntu kernel: [69436.162251] [   1332]   121  1332    71213        1   180224      221             0 gvfsd
Apr 13 23:31:26 ubuntu kernel: [69436.162252] [   1337]   121  1337    88711        0   180224      231             0 gvfsd-fuse
Apr 13 23:31:26 ubuntu kernel: [69436.162254] [   1340]   121  1340    12483        0   135168      121             0 dbus-daemon
Apr 13 23:31:26 ubuntu kernel: [69436.162255] [   1348]   121  1348    55178        0   196608      208             0 at-spi2-registr
Apr 13 23:31:26 ubuntu kernel: [69436.162256] [   1358]   121  1358   810776      198  1499136    18038             0 gnome-shell
Apr 13 23:31:26 ubuntu kernel: [69436.162258] [   1366]   121  1366   287085        0   380928      792             0 pulseaudio
Apr 13 23:31:26 ubuntu kernel: [69436.162259] [   1367]   109  1367    45878        0   122880       76             0 rtkit-daemon
Apr 13 23:31:26 ubuntu kernel: [69436.162260] [   1379]   121  1379    89091        1   204800      355             0 ibus-daemon
Apr 13 23:31:26 ubuntu kernel: [69436.162261] [   1381]   121  1381    66114        0   151552      148             0 xdg-permission-
Apr 13 23:31:26 ubuntu kernel: [69436.162262] [   1388]   121  1388    68935        0   180224      187             0 ibus-dconf
Apr 13 23:31:26 ubuntu kernel: [69436.162263] [   1391]   121  1391    84768        1   438272     1188             0 ibus-x11
Apr 13 23:31:26 ubuntu kernel: [69436.162264] [   1395]   121  1395    68388        0   167936      178             0 ibus-portal
Apr 13 23:31:26 ubuntu kernel: [69436.162266] [   1406]     0  1406    74083        0   217088      268             0 boltd
Apr 13 23:31:26 ubuntu kernel: [69436.162267] [   1413]     0  1413   130475      153   368640      981             0 packagekitd
Apr 13 23:31:26 ubuntu kernel: [69436.162268] [   1414]   121  1414   121876        1   438272     1360             0 gsd-xsettings
Apr 13 23:31:26 ubuntu kernel: [69436.162269] [   1415]   121  1415    68900        0   180224      195             0 gsd-a11y-settin
Apr 13 23:31:26 ubuntu kernel: [69436.162271] [   1420]   121  1420    84674        1   425984     1192             0 gsd-clipboard
Apr 13 23:31:26 ubuntu kernel: [69436.162272] [   1425]   121  1425   162951      298   487424      969             0 gsd-color
Apr 13 23:31:26 ubuntu kernel: [69436.162274] [   1428]   121  1428    96653        1   434176      492             0 gsd-datetime
Apr 13 23:31:26 ubuntu kernel: [69436.162275] [   1430]   121  1430    69159        0   172032      166             0 gsd-housekeepin
Apr 13 23:31:26 ubuntu kernel: [69436.162290] [   1433]   121  1433   124877        1   471040     1259             0 gsd-keyboard
Apr 13 23:31:26 ubuntu kernel: [69436.162291] [   1436]   121  1436   268701        0   565248     1408             0 gsd-media-keys
Apr 13 23:31:26 ubuntu kernel: [69436.162292] [   1438]   121  1438    48723        0   151552      152             0 gsd-mouse
Apr 13 23:31:26 ubuntu kernel: [69436.162293] [   1442]   121  1442   127570       30   495616     1297             0 gsd-power
Apr 13 23:31:26 ubuntu kernel: [69436.162294] [   1447]   121  1447    64977        0   262144      305             0 gsd-print-notif
Apr 13 23:31:26 ubuntu kernel: [69436.162295] [   1448]   121  1448    48728        0   155648      149             0 gsd-rfkill
Apr 13 23:31:26 ubuntu kernel: [69436.162296] [   1453]   121  1453    67157        0   163840      159             0 gsd-screensaver
Apr 13 23:31:26 ubuntu kernel: [69436.162297] [   1457]   121  1457    75672        0   217088      293             0 gsd-sharing
Apr 13 23:31:26 ubuntu kernel: [69436.162298] [   1462]   121  1462   112312        1   253952      274             0 gsd-smartcard
Apr 13 23:31:26 ubuntu kernel: [69436.162298] [   1467]   121  1467    81976        1   270336      306             0 gsd-sound
Apr 13 23:31:26 ubuntu kernel: [69436.162299] [   1470]   121  1470   105900        1   458752     1280             0 gsd-wacom
Apr 13 23:31:26 ubuntu kernel: [69436.162300] [   1495]   117  1495   234813        0   327680     1434             0 colord
Apr 13 23:31:26 ubuntu kernel: [69436.162301] [   1510]   121  1510    49971        0   163840      187             0 ibus-engine-sim
Apr 13 23:31:26 ubuntu kernel: [69436.162302] [   1518]     0  1518   102157       83   303104      453             0 gdm-session-wor
Apr 13 23:31:26 ubuntu kernel: [69436.162303] [   1522]  1000  1522    19286      136   188416      267             0 systemd
Apr 13 23:31:26 ubuntu kernel: [69436.162305] [   1523]  1000  1523    28498        0   249856      615             0 (sd-pam)
Apr 13 23:31:26 ubuntu kernel: [69436.162306] [   1536]  1000  1536    70317      101   176128      192             0 gnome-keyring-d
Apr 13 23:31:26 ubuntu kernel: [69436.162307] [   1540]  1000  1540    51257        0   167936      170             0 gdm-x-session
Apr 13 23:31:26 ubuntu kernel: [69436.162308] [   1542]  1000  1542   135372    13492   794624     7090             0 Xorg
Apr 13 23:31:26 ubuntu kernel: [69436.162309] [   1550]  1000  1550    13473      409   147456      727             0 dbus-daemon
Apr 13 23:31:26 ubuntu kernel: [69436.162310] [   1553]  1000  1553   159124        0   458752      743             0 gnome-session-b
Apr 13 23:31:26 ubuntu kernel: [69436.162311] [   1648]  1000  1648     2828        9    57344       71             0 ssh-agent
Apr 13 23:31:26 ubuntu kernel: [69436.162312] [   1653]  1000  1653    71238      135   192512      125             0 gvfsd
Apr 13 23:31:26 ubuntu kernel: [69436.162313] [   1658]  1000  1658   105095        0   188416      225             0 gvfsd-fuse
Apr 13 23:31:26 ubuntu kernel: [69436.162313] [   1669]  1000  1669    89031       21   192512      190             0 at-spi-bus-laun
Apr 13 23:31:26 ubuntu kernel: [69436.162314] [   1674]  1000  1674    12514       80   147456       72             0 dbus-daemon
Apr 13 23:31:26 ubuntu kernel: [69436.162315] [   1676]  1000  1676    55178       68   192512      140             0 at-spi2-registr
Apr 13 23:31:26 ubuntu kernel: [69436.162316] [   1691]  1000  1691   881332    19642  1982464    33181             0 gnome-shell
Apr 13 23:31:26 ubuntu kernel: [69436.162318] [   1700]  1000  1700   291775      181   417792      599             0 pulseaudio
Apr 13 23:31:26 ubuntu kernel: [69436.162319] [   1710]  1000  1710   108289      562   208896      132             0 ibus-daemon
Apr 13 23:31:26 ubuntu kernel: [69436.162320] [   1712]  1000  1712    66114        5   147456      120             0 xdg-permission-
Apr 13 23:31:26 ubuntu kernel: [69436.162321] [   1720]  1000  1720    69475        0   180224      218             0 ibus-dconf
Apr 13 23:31:26 ubuntu kernel: [69436.162322] [   1724]  1000  1724    85295      398   442368      807             0 ibus-x11
Apr 13 23:31:26 ubuntu kernel: [69436.162324] [   1727]  1000  1727    68962       78   176128      137             0 ibus-portal
Apr 13 23:31:26 ubuntu kernel: [69436.162325] [   1736]  1000  1736   174141        9   528384      903             0 gnome-shell-cal
Apr 13 23:31:26 ubuntu kernel: [69436.162325] [   1740]  1000  1740   341824       28   827392     1110             0 evolution-sourc
Apr 13 23:31:26 ubuntu kernel: [69436.162326] [   1748]  1000  1748   195698      133   696320     1408             0 goa-daemon
Apr 13 23:31:26 ubuntu kernel: [69436.162327] [   1755]  1000  1755    75359      234   229376      219             0 gvfs-udisks2-vo
Apr 13 23:31:26 ubuntu kernel: [69436.162328] [   1765]  1000  1765    75163        0   217088      270             0 goa-identity-se
Apr 13 23:31:26 ubuntu kernel: [69436.162329] [   1767]  1000  1767    92929       89   225280      201             0 gvfs-afc-volume
Apr 13 23:31:26 ubuntu kernel: [69436.162344] [   1774]  1000  1774    66735      101   151552       98             0 gvfs-goa-volume
Apr 13 23:31:26 ubuntu kernel: [69436.162346] [   1778]  1000  1778    67191      103   155648       90             0 gvfs-mtp-volume
Apr 13 23:31:26 ubuntu kernel: [69436.162347] [   1782]  1000  1782    70422      102   188416      126             0 gvfs-gphoto2-vo
Apr 13 23:31:26 ubuntu kernel: [69436.162348] [   1787]  1000  1787   128082      110   491520     1200             0 gsd-power
Apr 13 23:31:26 ubuntu kernel: [69436.162348] [   1790]  1000  1790    85557       10   299008      348             0 gsd-print-notif
Apr 13 23:31:26 ubuntu kernel: [69436.162349] [   1791]  1000  1791   104060      104   176128       94             0 gsd-rfkill
Apr 13 23:31:26 ubuntu kernel: [69436.162350] [   1794]  1000  1794    67157        0   159744      182             0 gsd-screensaver
Apr 13 23:31:26 ubuntu kernel: [69436.162351] [   1797]  1000  1797   113111      221   241664      209             0 gsd-sharing
Apr 13 23:31:26 ubuntu kernel: [69436.162352] [   1804]  1000  1804   122397      177   450560     1175             0 gsd-xsettings
Apr 13 23:31:26 ubuntu kernel: [69436.162353] [   1808]  1000  1808   124845      109   483328     1169             0 gsd-wacom
Apr 13 23:31:26 ubuntu kernel: [69436.162354] [   1810]  1000  1810    94450        0   233472      283             0 gsd-smartcard
Apr 13 23:31:26 ubuntu kernel: [69436.162355] [   1811]  1000  1811    82509        0   266240      311             0 gsd-sound
Apr 13 23:31:26 ubuntu kernel: [69436.162356] [   1817]  1000  1817    85189      102   434176     1088             0 gsd-clipboard
Apr 13 23:31:26 ubuntu kernel: [69436.162358] [   1821]  1000  1821    69439        0   176128      204             0 gsd-a11y-settin
Apr 13 23:31:26 ubuntu kernel: [69436.162358] [   1823]  1000  1823   117336        0   442368      544             0 gsd-datetime
Apr 13 23:31:26 ubuntu kernel: [69436.162359] [   1827]  1000  1827   163472      365   507904      948             0 gsd-color
Apr 13 23:31:26 ubuntu kernel: [69436.162361] [   1829]  1000  1829   125378      112   466944     1115             0 gsd-keyboard
Apr 13 23:31:26 ubuntu kernel: [69436.162362] [   1830]  1000  1830    89876       49   208896      177             0 gsd-housekeepin
Apr 13 23:31:26 ubuntu kernel: [69436.162363] [   1833]  1000  1833    69440        0   176128      204             0 gsd-mouse
Apr 13 23:31:26 ubuntu kernel: [69436.162365] [   1836]  1000  1836   215951      305   540672     1022             0 gsd-media-keys
Apr 13 23:31:26 ubuntu kernel: [69436.162366] [   1859]  1000  1859   125416        0   450560      502             0 gsd-printer
Apr 13 23:31:26 ubuntu kernel: [69436.162367] [   1886]  1000  1886   205185     1015   798720     2795             0 nautilus-deskto
Apr 13 23:31:26 ubuntu kernel: [69436.162368] [   1888]  1000  1888    67984        0   163840      299             0 gsd-disk-utilit
Apr 13 23:31:26 ubuntu kernel: [69436.162369] [   1889]  1000  1889    67513      432   421888      949             0 vmtoolsd
Apr 13 23:31:26 ubuntu kernel: [69436.162370] [   1907]  1000  1907    91349      126   217088      261             0 gvfsd-trash
Apr 13 23:31:26 ubuntu kernel: [69436.162371] [   1921]  1000  1921   221841        0   888832    10046             0 evolution-calen
Apr 13 23:31:26 ubuntu kernel: [69436.162372] [   1942]  1000  1942   283914      130   724992     9839             0 evolution-calen
Apr 13 23:31:26 ubuntu kernel: [69436.162372] [   1944]  1000  1944    50546      143   167936      106             0 ibus-engine-sim
Apr 13 23:31:26 ubuntu kernel: [69436.162373] [   1952]  1000  1952    47003      118   139264       79             0 dconf-service
Apr 13 23:31:26 ubuntu kernel: [69436.162374] [   1971]  1000  1971   181969        0   552960      874             0 evolution-addre
Apr 13 23:31:26 ubuntu kernel: [69436.162375] [   1979]  1000  1979   270603      133   622592      837             0 evolution-addre
Apr 13 23:31:26 ubuntu kernel: [69436.162376] [   2318]  1000  2318   166580      226   524288     1167             0 update-notifier
Apr 13 23:31:26 ubuntu kernel: [69436.162377] [   2320]  1000  2320   335036      835  1310720    49069             0 gnome-software
Apr 13 23:31:26 ubuntu kernel: [69436.162378] [   2709]  1000  2709   198528      139   712704     1448             0 deja-dup-monito
Apr 13 23:31:26 ubuntu kernel: [69436.162379] [  11091]  1000 11091    49355      124   151552       75             0 gvfsd-metadata
Apr 13 23:31:26 ubuntu kernel: [69436.162380] [  11347]  1000 11347    91361       82   212992      241             0 gvfsd-network
Apr 13 23:31:26 ubuntu kernel: [69436.162381] [  11364]  1000 11364    93547       38   225280      253             0 gvfsd-dnssd
Apr 13 23:31:26 ubuntu kernel: [69436.162382] [  14607]   102 14607   109439      206   241664      377             0 rsyslogd
Apr 13 23:31:26 ubuntu kernel: [69436.162384] [  24043]     0 24043    11309       16   131072      128             0 wpa_supplicant
Apr 13 23:31:26 ubuntu kernel: [69436.162385] [  38138]     0 38138   297615     4866   331776     1944          -900 snapd
Apr 13 23:31:26 ubuntu kernel: [69436.162400] [ 109436]     0 109436    64579        1   286720      299             0 gdm-session-wor
Apr 13 23:31:26 ubuntu kernel: [69436.162402] [   6762]  1000  6762   370277     4715   946176    10118             0 nautilus
Apr 13 23:31:26 ubuntu kernel: [69436.162403] [  17147]  1000 17147   199393     1316   593920     1666             0 gnome-terminal-
Apr 13 23:31:26 ubuntu kernel: [69436.162405] [  52237]  1000 52237     5611        1    86016      348             0 bash
Apr 13 23:31:26 ubuntu kernel: [69436.162406] [  52839]     0 52839    16402        1   172032      127             0 sudo
Apr 13 23:31:26 ubuntu kernel: [69436.162407] [  52877]     0 52877     5611       48    90112      299             0 bash
Apr 13 23:31:26 ubuntu kernel: [69436.162408] [  55621]   101 55621    17696       55   180224      120             0 systemd-resolve
Apr 13 23:31:26 ubuntu kernel: [69436.162409] [  55626] 62583 55626    36005       45   176128      115             0 systemd-timesyn
Apr 13 23:31:26 ubuntu kernel: [69436.162410] [  55630]     0 55630    37705      110   307200      202             0 systemd-journal
Apr 13 23:31:26 ubuntu kernel: [69436.162411] [  55997]     0 55997     8406       11   118784      180         -1000 systemd-udevd
Apr 13 23:31:26 ubuntu kernel: [69436.162412] [  79375]  1000 79375   106606      158   208896      192             0 zeitgeist-daemo
Apr 13 23:31:26 ubuntu kernel: [69436.162414] [  79382]  1000 79382    81669       83   237568      583             0 zeitgeist-fts
Apr 13 23:31:26 ubuntu kernel: [69436.162415] [  87932]     0 87932    25147        7   241664      305             0 cupsd
Apr 13 23:31:26 ubuntu kernel: [69436.162416] [  87933]     0 87933    75915      100   352256      297             0 cups-browsed
Apr 13 23:31:26 ubuntu kernel: [69436.162417] [ 107880]     0 107880   141278        0   520192      941             0 fwupd
Apr 13 23:31:26 ubuntu kernel: [69436.162420] [ 108971]  1000 108971     1158       27    53248        1             0 clion.sh
Apr 13 23:31:26 ubuntu kernel: [69436.162421] [ 109014]  1000 109014  1351229   218764  3002368    27701             0 java
Apr 13 23:31:26 ubuntu kernel: [69436.162423] [ 109069]  1000 109069     1175       36    53248       24             0 fsnotifier64
Apr 13 23:31:26 ubuntu kernel: [69436.162424] [ 109262]  1000 109262    76097     3568   270336       34             0 ion.clangd.main
Apr 13 23:31:26 ubuntu kernel: [69436.162425] [ 109341]  1000 109341   183420     9431   733184      303             0 gedit
Apr 13 23:31:26 ubuntu kernel: [69436.162426] [ 109447]   122 109447   356134    38672   684032     1749             0 mysqld
Apr 13 23:31:26 ubuntu kernel: [69436.162427] [ 109568]  1000 109568     6562       93    90112        0             0 cmake
Apr 13 23:31:26 ubuntu kernel: [69436.162428] [ 109571]  1000 109571     2469       71    65536        0             0 make
Apr 13 23:31:26 ubuntu kernel: [69436.162429] [ 109573]  1000 109573     2469       69    69632        0             0 make
Apr 13 23:31:26 ubuntu kernel: [69436.162430] [ 109576]  1000 109576     2469       55    61440        0             0 make
Apr 13 23:31:26 ubuntu kernel: [69436.162431] [ 109580]  1000 109580     2469       70    69632        0             0 make
Apr 13 23:31:26 ubuntu kernel: [69436.162432] [ 109585]  1000 109585     2154       31    65536        0             0 c++
Apr 13 23:31:26 ubuntu kernel: [69436.162433] [ 109586]  1000 109586    21900     8627   208896       24             0 cc1plus
Apr 13 23:31:26 ubuntu kernel: [69436.162434] [ 109649]     0 109649     1158       26    61440        0             0 resume-vm-defau
Apr 13 23:31:26 ubuntu kernel: [69436.162435] [ 109656]     0 109656     1158       35    57344        0             0 network
Apr 13 23:31:26 ubuntu kernel: [69436.162436] [ 109666]     0 109666    53702      246   188416        0             0 nm-dispatcher
Apr 13 23:31:26 ubuntu kernel: [69436.162437] [ 109683]     0 109683     6369       45    94208        0             0 dbus-send
Apr 13 23:31:26 ubuntu kernel: [69436.162437] oom-kill:constraint=CONSTRAINT_NONE,nodemask=(null),cpuset=/,mems_allowed=0,global_oom,task_memcg=/,task=java,pid=109014,uid=1000
Apr 13 23:31:26 ubuntu kernel: [69436.162443] Out of memory: Kill process 109014 (java) score 331 or sacrifice child
Apr 13 23:31:26 ubuntu kernel: [69436.162523] Killed process 109262 (ion.clangd.main) total-vm:304388kB, anon-rss:14272kB, file-rss:0kB, shmem-rss:0kB
Apr 13 23:31:26 ubuntu kernel: [69436.470126] e1000: ens33 NIC Link is Up 1000 Mbps Full Duplex, Flow Control: None
Apr 13 23:31:26 ubuntu kernel: [69436.482267] IPv6: ADDRCONF(NETDEV_CHANGE): ens33: link becomes ready
Apr 13 23:31:26 ubuntu /usr/lib/gdm3/gdm-x-session[1540]: (EE) client bug: timer event2 debounce: offset negative (-660ms)
Apr 13 23:31:26 ubuntu /usr/lib/gdm3/gdm-x-session[1540]: (EE) client bug: timer event2 debounce: offset negative (-574ms)
Apr 13 23:31:26 ubuntu /usr/lib/gdm3/gdm-x-session[1540]: (EE) client bug: timer event2 debounce short: offset negative (-597ms)
Apr 13 23:31:26 ubuntu /usr/lib/gdm3/gdm-x-session[1540]: (EE) client bug: timer event2 debounce: offset negative (-486ms)
Apr 13 23:31:26 ubuntu /usr/lib/gdm3/gdm-x-session[1540]: (EE) client bug: timer event2 debounce: offset negative (-377ms)
Apr 13 23:31:26 ubuntu /usr/lib/gdm3/gdm-x-session[1540]: (EE) client bug: timer event2 debounce short: offset negative (-390ms)
Apr 13 23:31:26 ubuntu /usr/lib/gdm3/gdm-x-session[1540]: (EE) client bug: timer event2 debounce: offset negative (-115ms)
Apr 13 23:31:26 ubuntu /usr/lib/gdm3/gdm-x-session[1540]: (EE) client bug: timer event2 debounce: offset negative (-28ms)
Apr 13 23:31:26 ubuntu /usr/lib/gdm3/gdm-x-session[1540]: (EE) client bug: timer event2 debounce short: offset negative (-41ms)
Apr 13 23:31:27 ubuntu NetworkManager[666]: <info>  [1618381842.3328] manager: NetworkManager state is now ASLEEP
Apr 13 23:31:27 ubuntu /usr/lib/gdm3/gdm-x-session[1540]: (II) event2  - VirtualPS/2 VMware VMMouse: SYN_DROPPED event - some input events have been lost.
Apr 13 23:31:27 ubuntu /usr/lib/gdm3/gdm-x-session[1540]: (EE) client bug: timer event2 debounce: offset negative (-259ms)
Apr 13 23:31:27 ubuntu /usr/lib/gdm3/gdm-x-session[1540]: (EE) client bug: timer event2 debounce: offset negative (-170ms)
Apr 13 23:31:27 ubuntu /usr/lib/gdm3/gdm-x-session[1540]: (EE) client bug: timer event2 debounce short: offset negative (-183ms)
Apr 13 23:31:27 ubuntu /usr/lib/gdm3/gdm-x-session[1540]: (EE) client bug: timer event2 debounce: offset negative (-84ms)
Apr 13 23:31:27 ubuntu /usr/lib/gdm3/gdm-x-session[1540]: (II) event2  - VirtualPS/2 VMware VMMouse: SYN_DROPPED event - some input events have been lost.
Apr 13 23:31:27 ubuntu /usr/lib/gdm3/gdm-x-session[1540]: (EE) client bug: timer event2 debounce: offset negative (-1799ms)
Apr 13 23:31:27 ubuntu /usr/lib/gdm3/gdm-x-session[1540]: (EE) client bug: timer event2 debounce short: offset negative (-1816ms)
Apr 13 23:31:27 ubuntu /usr/lib/gdm3/gdm-x-session[1540]: (II) event2  - VirtualPS/2 VMware VMMouse: SYN_DROPPED event - some input events have been lost.
Apr 13 23:31:27 ubuntu /usr/lib/gdm3/gdm-x-session[1540]: message repeated 2 times: [ (II) event2  - VirtualPS/2 VMware VMMouse: SYN_DROPPED event - some input events have been lost.]
Apr 13 23:31:27 ubuntu /usr/lib/gdm3/gdm-x-session[1540]: (EE) client bug: timer event2 debounce: offset negative (-211ms)
Apr 13 23:31:27 ubuntu /usr/lib/gdm3/gdm-x-session[1540]: (EE) client bug: timer event2 debounce: offset negative (-89ms)
Apr 13 23:31:27 ubuntu /usr/lib/gdm3/gdm-x-session[1540]: (EE) client bug: timer event2 debounce short: offset negative (-105ms)
Apr 13 23:31:27 ubuntu /usr/lib/gdm3/gdm-x-session[1540]: (EE) client bug: timer event2 debounce: offset negative (-80ms)
Apr 13 23:31:27 ubuntu /usr/lib/gdm3/gdm-x-session[1540]: (II) event2  - VirtualPS/2 VMware VMMouse: SYN_DROPPED event - some input events have been lost.
Apr 13 23:31:27 ubuntu /usr/lib/gdm3/gdm-x-session[1540]: (II) event2  - VirtualPS/2 VMware VMMouse: WARNING: log rate limit exceeded (5 msgs per 30000ms). Discarding future messages.
Apr 13 23:31:27 ubuntu dbus-daemon[648]: [system] Activating via systemd: service name='org.freedesktop.nm_dispatcher' unit='dbus-org.freedesktop.nm-dispatcher.service' requested by ':1.11' (uid=0 pid=666 comm="/usr/sbin/NetworkManager --no-daemon " label="unconfined")
Apr 13 23:31:27 ubuntu systemd-timesyncd[55626]: Timed out waiting for reply from 91.189.89.199:123 (ntp.ubuntu.com).
Apr 13 23:31:27 ubuntu avahi-daemon[620]: Withdrawing address record for fe80::734d:d920:e31c:e18f on ens33.
Apr 13 23:31:28 ubuntu NetworkManager[666]: <info>  [1618381844.0560] audit: op="networking-control" arg="off" pid=109642 uid=0 result="success"
Apr 13 23:31:28 ubuntu whoopsie[1273]: [23:31:28] Cannot reach: https://daisy.ubuntu.com
Apr 13 23:31:28 ubuntu avahi-daemon[620]: Leaving mDNS multicast group on interface ens33.IPv6 with address fe80::734d:d920:e31c:e18f.
Apr 13 23:31:28 ubuntu NetworkManager[666]: <info>  [1618381861.2214] device (ens33): state change: activated -> deactivating (reason 'sleeping', sys-iface-state: 'managed')
Apr 13 23:31:28 ubuntu whoopsie[1273]: [23:31:28] Cannot reach: https://daisy.ubuntu.com
Apr 13 23:31:28 ubuntu avahi-daemon[620]: Interface ens33.IPv6 no longer relevant for mDNS.
Apr 13 23:31:29 ubuntu NetworkManager[666]: <info>  [1618381865.8307] device (ens33): state change: deactivating -> disconnected (reason 'sleeping', sys-iface-state: 'managed')
Apr 13 23:31:29 ubuntu avahi-daemon[620]: Withdrawing address record for 192.168.182.128 on ens33.
Apr 13 23:31:29 ubuntu deja-dup-monito[2709]: Source ID 1494 was not found when attempting to remove it
Apr 13 23:31:29 ubuntu avahi-daemon[620]: Leaving mDNS multicast group on interface ens33.IPv4 with address 192.168.182.128.
Apr 13 23:31:29 ubuntu NetworkManager[666]: <info>  [1618381868.7562] dhcp4 (ens33): canceled DHCP transaction, DHCP client pid 107783
Apr 13 23:31:29 ubuntu avahi-daemon[620]: Interface ens33.IPv4 no longer relevant for mDNS.
Apr 13 23:31:29 ubuntu NetworkManager[666]: <info>  [1618381868.7637] dhcp4 (ens33): state changed bound -> done
Apr 13 23:31:29 ubuntu dbus-daemon[648]: [system] Successfully activated service 'org.freedesktop.nm_dispatcher'
Apr 13 23:31:30 ubuntu systemd-timesyncd[55626]: Timed out waiting for reply from 91.189.94.4:123 (ntp.ubuntu.com).
Apr 13 23:31:30 ubuntu nm-dispatcher: req:1 'connectivity-change': new request (1 scripts)
Apr 13 23:31:30 ubuntu systemd[1]: Starting Network Manager Script Dispatcher Service...
Apr 13 23:31:30 ubuntu nm-dispatcher: req:1 'connectivity-change': start running ordered scripts...
Apr 13 23:31:30 ubuntu NetworkManager[666]: <info>  [1618381885.9258] device (ens33): state change: disconnected -> unmanaged (reason 'sleeping', sys-iface-state: 'managed')
Apr 13 23:31:30 ubuntu nm-dispatcher: req:2 'down' [ens33]: new request (1 scripts)
Apr 13 23:31:30 ubuntu systemd[1]: Started Network Manager Script Dispatcher Service.
Apr 13 23:31:31 ubuntu nm-dispatcher: req:2 'down' [ens33]: start running ordered scripts...
Apr 13 23:31:31 ubuntu NetworkManager[666]: <info>  [1618381886.1079] manager: enable requested (sleeping: no  enabled: no)
Apr 13 23:31:31 ubuntu avahi-daemon[620]: Joining mDNS multicast group on interface ens33.IPv6 with address fe80::734d:d920:e31c:e18f.
Apr 13 23:31:31 ubuntu NetworkManager[666]: <info>  [1618381886.1350] device (ens33): state change: unmanaged -> unavailable (reason 'managed', sys-iface-state: 'managed')
Apr 13 23:31:31 ubuntu avahi-daemon[620]: New relevant interface ens33.IPv6 for mDNS.
Apr 13 23:31:31 ubuntu NetworkManager[666]: <info>  [1618381886.2554] device (ens33): carrier: link connected
Apr 13 23:31:31 ubuntu avahi-daemon[620]: Registering new address record for fe80::734d:d920:e31c:e18f on ens33.*.
Apr 13 23:31:31 ubuntu NetworkManager[666]: <info>  [1618381886.3003] manager: NetworkManager state is now DISCONNECTED
Apr 13 23:31:32 ubuntu dhclient[109703]: DHCPREQUEST of 192.168.182.128 on ens33 to 255.255.255.255 port 67 (xid=0x4f9f680a)
Apr 13 23:31:32 ubuntu NetworkManager[666]: <info>  [1618381886.3157] audit: op="networking-control" arg="on" pid=109683 uid=0 result="success"
Apr 13 23:31:32 ubuntu dhclient[109703]: DHCPACK of 192.168.182.128 from 192.168.182.254
Apr 13 23:31:32 ubuntu NetworkManager[666]: <info>  [1618381886.5211] device (ens33): state change: unavailable -> disconnected (reason 'none', sys-iface-state: 'managed')
Apr 13 23:31:32 ubuntu avahi-daemon[620]: Joining mDNS multicast group on interface ens33.IPv4 with address 192.168.182.128.
Apr 13 23:31:32 ubuntu NetworkManager[666]: <info>  [1618381886.5790] policy: auto-activating connection 'Wired connection 1'
Apr 13 23:31:32 ubuntu avahi-daemon[620]: New relevant interface ens33.IPv4 for mDNS.
Apr 13 23:31:32 ubuntu NetworkManager[666]: <info>  [1618381886.5935] device (ens33): Activation: starting connection 'Wired connection 1' (222ed2f9-b7e4-3ead-a7f8-897420b385ad)
Apr 13 23:31:32 ubuntu avahi-daemon[620]: Registering new address record for 192.168.182.128 on ens33.IPv4.
Apr 13 23:31:32 ubuntu NetworkManager[666]: <info>  [1618381886.5939] device (ens33): state change: disconnected -> prepare (reason 'none', sys-iface-state: 'managed')
Apr 13 23:31:32 ubuntu dhclient[109703]: bound to 192.168.182.128 -- renewal in 873 seconds.
Apr 13 23:31:32 ubuntu NetworkManager[666]: <info>  [1618381886.5942] manager: NetworkManager state is now CONNECTING
Apr 13 23:31:32 ubuntu nm-dispatcher: req:3 'up' [ens33]: new request (1 scripts)
Apr 13 23:31:32 ubuntu NetworkManager[666]: <info>  [1618381886.5960] device (ens33): state change: prepare -> config (reason 'none', sys-iface-state: 'managed')
Apr 13 23:31:32 ubuntu nm-dispatcher: req:3 'up' [ens33]: start running ordered scripts...
Apr 13 23:31:32 ubuntu NetworkManager[666]: <info>  [1618381886.6341] device (ens33): state change: config -> ip-config (reason 'none', sys-iface-state: 'managed')
Apr 13 23:31:32 ubuntu NetworkManager[666]: <info>  [1618381886.6649] dhcp4 (ens33): activation: beginning transaction (timeout in 45 seconds)
Apr 13 23:31:32 ubuntu NetworkManager[666]: <info>  [1618381886.8697] dhcp4 (ens33): dhclient started with pid 109703
Apr 13 23:31:33 ubuntu gsd-sharing[1797]: Failed to StopUnit service: GDBus.Error:org.freedesktop.systemd1.NoSuchUnit: Unit gnome-user-share-webdav.service not loaded.
Apr 13 23:31:33 ubuntu gsd-sharing[1797]: Failed to StopUnit service: GDBus.Error:org.freedesktop.systemd1.NoSuchUnit: Unit rygel.service not loaded.
Apr 13 23:31:33 ubuntu gsd-sharing[1797]: Failed to StopUnit service: GDBus.Error:org.freedesktop.systemd1.NoSuchUnit: Unit gnome-remote-desktop.service not loaded.
Apr 13 23:31:33 ubuntu NetworkManager[666]: <info>  [1618381887.8658] dhcp4 (ens33):   address 192.168.182.128
Apr 13 23:31:33 ubuntu NetworkManager[666]: <info>  [1618381887.8691] dhcp4 (ens33):   plen 24 (255.255.255.0)
Apr 13 23:31:33 ubuntu NetworkManager[666]: <info>  [1618381887.8699] dhcp4 (ens33):   gateway 192.168.182.2
Apr 13 23:31:33 ubuntu NetworkManager[666]: <info>  [1618381887.8706] dhcp4 (ens33):   lease time 1800
Apr 13 23:31:33 ubuntu NetworkManager[666]: <info>  [1618381887.8706] dhcp4 (ens33):   nameserver '192.168.182.2'
Apr 13 23:31:33 ubuntu NetworkManager[666]: <info>  [1618381887.8707] dhcp4 (ens33):   domain name 'localdomain'
Apr 13 23:31:34 ubuntu NetworkManager[666]: <info>  [1618381887.8707] dhcp4 (ens33):   wins '192.168.182.2'
Apr 13 23:31:34 ubuntu NetworkManager[666]: <info>  [1618381887.8707] dhcp4 (ens33): state changed unknown -> bound
Apr 13 23:31:34 ubuntu NetworkManager[666]: <info>  [1618381888.2253] device (ens33): state change: ip-config -> ip-check (reason 'none', sys-iface-state: 'managed')
Apr 13 23:31:34 ubuntu NetworkManager[666]: <info>  [1618381888.2848] device (ens33): state change: ip-check -> secondaries (reason 'none', sys-iface-state: 'managed')
Apr 13 23:31:35 ubuntu NetworkManager[666]: <info>  [1618381888.2875] device (ens33): state change: secondaries -> activated (reason 'none', sys-iface-state: 'managed')
Apr 13 23:31:35 ubuntu NetworkManager[666]: <info>  [1618381888.2877] manager: NetworkManager state is now CONNECTED_LOCAL
Apr 13 23:31:35 ubuntu NetworkManager[666]: <info>  [1618381888.3679] manager: NetworkManager state is now CONNECTED_SITE
Apr 13 23:31:35 ubuntu NetworkManager[666]: <info>  [1618381888.3739] policy: set 'Wired connection 1' (ens33) as default for IPv4 routing and DNS
Apr 13 23:31:35 ubuntu NetworkManager[666]: <info>  [1618381888.3867] device (ens33): Activation: successful, device activated.
Apr 13 23:31:35 ubuntu gsd-sharing[1797]: Failed to StopUnit service: GDBus.Error:org.freedesktop.systemd1.NoSuchUnit: Unit gnome-user-share-webdav.service not loaded.
Apr 13 23:31:35 ubuntu gsd-sharing[1797]: Failed to StopUnit service: GDBus.Error:org.freedesktop.systemd1.NoSuchUnit: Unit rygel.service not loaded.
Apr 13 23:31:35 ubuntu gsd-sharing[1797]: Failed to StopUnit service: GDBus.Error:org.freedesktop.systemd1.NoSuchUnit: Unit gnome-remote-desktop.service not loaded.
Apr 13 23:31:58 ubuntu NetworkManager[666]: <info>  [1618381918.6713] connectivity: (ens33) timed out
Apr 13 23:31:58 ubuntu dbus-daemon[648]: [system] Activating via systemd: service name='org.freedesktop.nm_dispatcher' unit='dbus-org.freedesktop.nm-dispatcher.service' requested by ':1.11' (uid=0 pid=666 comm="/usr/sbin/NetworkManager --no-daemon " label="unconfined")
Apr 13 23:31:59 ubuntu systemd[1]: Starting Network Manager Script Dispatcher Service...
Apr 13 23:31:59 ubuntu dbus-daemon[648]: [system] Successfully activated service 'org.freedesktop.nm_dispatcher'
Apr 13 23:31:59 ubuntu systemd[1]: Started Network Manager Script Dispatcher Service.
Apr 13 23:31:59 ubuntu nm-dispatcher: req:1 'connectivity-change': new request (1 scripts)
Apr 13 23:31:59 ubuntu nm-dispatcher: req:1 'connectivity-change': start running ordered scripts...
Apr 13 23:32:01 ubuntu /usr/lib/gdm3/gdm-x-session[1540]: (EE) client bug: timer event2 debounce: offset negative (-5ms)
Apr 13 23:32:01 ubuntu /usr/lib/gdm3/gdm-x-session[1540]: (EE) client bug: timer event2 debounce: offset negative (-14ms)
Apr 13 23:32:01 ubuntu /usr/lib/gdm3/gdm-x-session[1540]: (EE) client bug: timer event2 debounce short: offset negative (-28ms)
Apr 13 23:32:02 ubuntu /usr/lib/gdm3/gdm-x-session[1540]: (EE) client bug: timer event2 debounce: offset negative (-66ms)
Apr 13 23:32:02 ubuntu /usr/lib/gdm3/gdm-x-session[1540]: (EE) client bug: timer event2 debounce: offset negative (-111ms)
Apr 13 23:32:03 ubuntu /usr/lib/gdm3/gdm-x-session[1540]: (EE) client bug: timer event2 debounce short: offset negative (-238ms)
Apr 13 23:32:03 ubuntu /usr/lib/gdm3/gdm-x-session[1540]: (II) event2  - VirtualPS/2 VMware VMMouse: SYN_DROPPED event - some input events have been lost.
Apr 13 23:32:06 ubuntu NetworkManager[666]: <info>  [1618381926.5705] manager: disable requested (sleeping: no  enabled: yes)
Apr 13 23:32:06 ubuntu NetworkManager[666]: <info>  [1618381926.5797] manager: NetworkManager state is now ASLEEP
Apr 13 23:32:07 ubuntu NetworkManager[666]: <info>  [1618381926.5943] audit: op="networking-control" arg="off" pid=109821 uid=0 result="success"
Apr 13 23:32:59 ubuntu nm-dispatcher: req:2 'connectivity-change': new request (1 scripts)
Apr 13 23:32:59 ubuntu NetworkManager[666]: <info>  [1618381926.6065] device (ens33): state change: activated -> deactivating (reason 'sleeping', sys-iface-state: 'managed')
Apr 13 23:32:59 ubuntu nm-dispatcher: req:2 'connectivity-change': start running ordered scripts...
Apr 13 23:33:00 ubuntu whoopsie[1273]: [23:32:59] Cannot reach: https://daisy.ubuntu.com
Apr 13 23:33:00 ubuntu NetworkManager[666]: <info>  [1618381927.0872] device (ens33): state change: deactivating -> disconnected (reason 'sleeping', sys-iface-state: 'managed')
Apr 13 23:33:00 ubuntu avahi-daemon[620]: Withdrawing address record for fe80::734d:d920:e31c:e18f on ens33.
Apr 13 23:33:00 ubuntu NetworkManager[666]: <info>  [1618381927.2303] dhcp4 (ens33): canceled DHCP transaction, DHCP client pid 109703
Apr 13 23:33:00 ubuntu avahi-daemon[620]: Leaving mDNS multicast group on interface ens33.IPv6 with address fe80::734d:d920:e31c:e18f.
Apr 13 23:33:00 ubuntu NetworkManager[666]: <info>  [1618381927.2317] dhcp4 (ens33): state changed bound -> done
Apr 13 23:33:00 ubuntu avahi-daemon[620]: Interface ens33.IPv6 no longer relevant for mDNS.
Apr 13 23:33:01 ubuntu NetworkManager[666]: <info>  [1618381927.3415] device (ens33): state change: disconnected -> unmanaged (reason 'sleeping', sys-iface-state: 'managed')
Apr 13 23:33:01 ubuntu avahi-daemon[620]: Withdrawing address record for 192.168.182.128 on ens33.
Apr 13 23:33:01 ubuntu gsd-sharing[1797]: Failed to StopUnit service: GDBus.Error:org.freedesktop.systemd1.NoSuchUnit: Unit gnome-user-share-webdav.service not loaded.
Apr 13 23:33:01 ubuntu avahi-daemon[620]: Leaving mDNS multicast group on interface ens33.IPv4 with address 192.168.182.128.
Apr 13 23:33:01 ubuntu gsd-sharing[1797]: Failed to StopUnit service: GDBus.Error:org.freedesktop.systemd1.NoSuchUnit: Unit rygel.service not loaded.
Apr 13 23:33:01 ubuntu avahi-daemon[620]: Interface ens33.IPv4 no longer relevant for mDNS.
Apr 13 23:33:01 ubuntu gsd-sharing[1797]: Failed to StopUnit service: GDBus.Error:org.freedesktop.systemd1.NoSuchUnit: Unit gnome-remote-desktop.service not loaded.
Apr 13 23:33:01 ubuntu nm-dispatcher: req:3 'down' [ens33]: new request (1 scripts)
Apr 13 23:33:01 ubuntu nm-dispatcher: req:3 'down' [ens33]: start running ordered scripts...
Apr 13 23:33:01 ubuntu /usr/lib/gdm3/gdm-x-session[1540]: (EE) client bug: timer event2 debounce: offset negative (-261ms)
Apr 13 23:33:02 ubuntu /usr/lib/gdm3/gdm-x-session[1540]: (EE) client bug: timer event2 debounce: offset negative (-589ms)
Apr 13 23:33:02 ubuntu /usr/lib/gdm3/gdm-x-session[1540]: (EE) client bug: timer event2 debounce short: offset negative (-646ms)
Apr 13 23:33:02 ubuntu /usr/lib/gdm3/gdm-x-session[1540]: (EE) client bug: timer event2 debounce: offset negative (-371ms)
Apr 13 23:33:02 ubuntu /usr/lib/gdm3/gdm-x-session[1540]: (EE) client bug: timer event2 debounce: offset negative (-271ms)
Apr 13 23:33:02 ubuntu /usr/lib/gdm3/gdm-x-session[1540]: (EE) client bug: timer event2 debounce short: offset negative (-288ms)
Apr 13 23:33:02 ubuntu /usr/lib/gdm3/gdm-x-session[1540]: (EE) client bug: timer event2 debounce: offset negative (-35ms)
Apr 13 23:33:02 ubuntu kernel: [69480.986687] e1000: ens33 NIC Link is Up 1000 Mbps Full Duplex, Flow Control: None
Apr 13 23:33:02 ubuntu kernel: [69480.987661] IPv6: ADDRCONF(NETDEV_CHANGE): ens33: link becomes ready
Apr 13 23:33:02 ubuntu NetworkManager[666]: <info>  [1618381982.6193] manager: enable requested (sleeping: no  enabled: no)
Apr 13 23:33:03 ubuntu NetworkManager[666]: <info>  [1618381982.6201] device (ens33): state change: unmanaged -> unavailable (reason 'managed', sys-iface-state: 'managed')
Apr 13 23:33:03 ubuntu NetworkManager[666]: <info>  [1618381982.6562] device (ens33): carrier: link connected
Apr 13 23:33:03 ubuntu NetworkManager[666]: <info>  [1618381982.7394] manager: NetworkManager state is now DISCONNECTED
Apr 13 23:33:03 ubuntu avahi-daemon[620]: Joining mDNS multicast group on interface ens33.IPv6 with address fe80::734d:d920:e31c:e18f.
Apr 13 23:33:03 ubuntu NetworkManager[666]: <info>  [1618381982.7579] audit: op="networking-control" arg="on" pid=109876 uid=0 result="success"
Apr 13 23:33:03 ubuntu avahi-daemon[620]: New relevant interface ens33.IPv6 for mDNS.
Apr 13 23:33:03 ubuntu /usr/lib/gdm3/gdm-x-session[1540]: (II) event2  - VirtualPS/2 VMware VMMouse: SYN_DROPPED event - some input events have been lost.
Apr 13 23:33:03 ubuntu NetworkManager[666]: <info>  [1618381982.7995] device (ens33): state change: unavailable -> disconnected (reason 'none', sys-iface-state: 'managed')
Apr 13 23:33:04 ubuntu avahi-daemon[620]: Registering new address record for fe80::734d:d920:e31c:e18f on ens33.*.
Apr 13 23:33:04 ubuntu NetworkManager[666]: <info>  [1618381982.8303] policy: auto-activating connection 'Wired connection 1'
Apr 13 23:33:04 ubuntu /usr/lib/gdm3/gdm-x-session[1540]: (EE) client bug: timer event2 debounce: offset negative (-125ms)
Apr 13 23:33:04 ubuntu /usr/lib/gdm3/gdm-x-session[1540]: (EE) client bug: timer event2 debounce short: offset negative (-257ms)
Apr 13 23:33:04 ubuntu NetworkManager[666]: <info>  [1618381982.8501] device (ens33): Activation: starting connection 'Wired connection 1' (222ed2f9-b7e4-3ead-a7f8-897420b385ad)
Apr 13 23:33:04 ubuntu dhclient[109879]: DHCPREQUEST of 192.168.182.128 on ens33 to 255.255.255.255 port 67 (xid=0x3aa6c5cd)
Apr 13 23:33:05 ubuntu /usr/lib/gdm3/gdm-x-session[1540]: (EE) client bug: timer event2 debounce: offset negative (-162ms)
Apr 13 23:33:05 ubuntu /usr/lib/gdm3/gdm-x-session[1540]: (EE) client bug: timer event2 debounce: offset negative (-46ms)
Apr 13 23:33:05 ubuntu /usr/lib/gdm3/gdm-x-session[1540]: (EE) client bug: timer event2 debounce short: offset negative (-59ms)
Apr 13 23:33:05 ubuntu /usr/lib/gdm3/gdm-x-session[1540]: (EE) client bug: timer event2 debounce: offset negative (-42ms)
Apr 13 23:33:05 ubuntu /usr/lib/gdm3/gdm-x-session[1540]: (EE) client bug: timer event2 debounce short: offset negative (-4ms)
Apr 13 23:33:05 ubuntu NetworkManager[666]: <info>  [1618381982.8504] device (ens33): state change: disconnected -> prepare (reason 'none', sys-iface-state: 'managed')
Apr 13 23:33:06 ubuntu whoopsie[1273]: [23:33:04] Cannot reach: https://daisy.ubuntu.com
Apr 13 23:33:06 ubuntu whoopsie[1273]: [23:33:05] Cannot reach: https://daisy.ubuntu.com
Apr 13 23:33:06 ubuntu dhclient[109879]: DHCPACK of 192.168.182.128 from 192.168.182.254
Apr 13 23:33:06 ubuntu NetworkManager[666]: <info>  [1618381982.8509] manager: NetworkManager state is now CONNECTING
Apr 13 23:33:07 ubuntu avahi-daemon[620]: Joining mDNS multicast group on interface ens33.IPv4 with address 192.168.182.128.
Apr 13 23:33:07 ubuntu NetworkManager[666]: <info>  [1618381982.8641] device (ens33): state change: prepare -> config (reason 'none', sys-iface-state: 'managed')
Apr 13 23:33:07 ubuntu avahi-daemon[620]: New relevant interface ens33.IPv4 for mDNS.
Apr 13 23:33:07 ubuntu NetworkManager[666]: <info>  [1618381983.0138] device (ens33): state change: config -> ip-config (reason 'none', sys-iface-state: 'managed')
Apr 13 23:33:07 ubuntu avahi-daemon[620]: Registering new address record for 192.168.182.128 on ens33.IPv4.
Apr 13 23:33:08 ubuntu NetworkManager[666]: <info>  [1618381983.0818] dhcp4 (ens33): activation: beginning transaction (timeout in 45 seconds)
Apr 13 23:33:08 ubuntu dhclient[109879]: bound to 192.168.182.128 -- renewal in 795 seconds.
Apr 13 23:33:08 ubuntu whoopsie[1273]: [23:33:08] The default IPv4 route is: /org/freedesktop/NetworkManager/ActiveConnection/19
Apr 13 23:33:08 ubuntu whoopsie[1273]: [23:33:08] Not a paid data plan: /org/freedesktop/NetworkManager/ActiveConnection/19
Apr 13 23:33:09 ubuntu whoopsie[1273]: [23:33:08] Found usable connection: /org/freedesktop/NetworkManager/ActiveConnection/19
Apr 13 23:33:09 ubuntu whoopsie[1273]: [23:33:08] online
Apr 13 23:33:09 ubuntu NetworkManager[666]: <info>  [1618381983.1206] dhcp4 (ens33): dhclient started with pid 109879
Apr 13 23:33:09 ubuntu nm-dispatcher: req:4 'up' [ens33]: new request (1 scripts)
Apr 13 23:33:09 ubuntu NetworkManager[666]: <info>  [1618381984.5883] dhcp4 (ens33):   address 192.168.182.128
Apr 13 23:33:09 ubuntu nm-dispatcher: req:4 'up' [ens33]: start running ordered scripts...
Apr 13 23:33:09 ubuntu NetworkManager[666]: <info>  [1618381984.6375] dhcp4 (ens33):   plen 24 (255.255.255.0)
Apr 13 23:33:10 ubuntu nm-dispatcher: req:5 'connectivity-change': new request (1 scripts)
Apr 13 23:33:10 ubuntu NetworkManager[666]: <info>  [1618381984.6436] dhcp4 (ens33):   gateway 192.168.182.2
Apr 13 23:33:10 ubuntu NetworkManager[666]: <info>  [1618381984.6509] dhcp4 (ens33):   lease time 1800
Apr 13 23:33:10 ubuntu NetworkManager[666]: <info>  [1618381984.6510] dhcp4 (ens33):   nameserver '192.168.182.2'
Apr 13 23:33:10 ubuntu NetworkManager[666]: <info>  [1618381984.6510] dhcp4 (ens33):   domain name 'localdomain'
Apr 13 23:33:10 ubuntu NetworkManager[666]: <info>  [1618381984.6532] dhcp4 (ens33):   wins '192.168.182.2'
Apr 13 23:33:10 ubuntu NetworkManager[666]: <info>  [1618381984.6532] dhcp4 (ens33): state changed unknown -> bound
Apr 13 23:33:11 ubuntu NetworkManager[666]: <info>  [1618381984.8982] device (ens33): state change: ip-config -> ip-check (reason 'none', sys-iface-state: 'managed')
Apr 13 23:33:11 ubuntu NetworkManager[666]: <info>  [1618381984.9680] device (ens33): state change: ip-check -> secondaries (reason 'none', sys-iface-state: 'managed')
Apr 13 23:33:11 ubuntu NetworkManager[666]: <info>  [1618381984.9719] device (ens33): state change: secondaries -> activated (reason 'none', sys-iface-state: 'managed')
Apr 13 23:33:11 ubuntu nm-dispatcher: req:5 'connectivity-change': start running ordered scripts...
Apr 13 23:33:11 ubuntu NetworkManager[666]: <info>  [1618381984.9733] manager: NetworkManager state is now CONNECTED_LOCAL
Apr 13 23:33:12 ubuntu NetworkManager[666]: <info>  [1618381985.1741] manager: NetworkManager state is now CONNECTED_SITE
Apr 13 23:33:12 ubuntu NetworkManager[666]: <info>  [1618381985.1928] policy: set 'Wired connection 1' (ens33) as default for IPv4 routing and DNS
Apr 13 23:33:12 ubuntu NetworkManager[666]: <info>  [1618381985.3469] device (ens33): Activation: successful, device activated.
Apr 13 23:33:12 ubuntu gsd-sharing[1797]: Failed to StopUnit service: GDBus.Error:org.freedesktop.systemd1.NoSuchUnit: Unit gnome-user-share-webdav.service not loaded.
Apr 13 23:33:12 ubuntu gsd-sharing[1797]: Failed to StopUnit service: GDBus.Error:org.freedesktop.systemd1.NoSuchUnit: Unit rygel.service not loaded.
Apr 13 23:33:12 ubuntu gsd-sharing[1797]: Failed to StopUnit service: GDBus.Error:org.freedesktop.systemd1.NoSuchUnit: Unit gnome-remote-desktop.service not loaded.
Apr 13 23:33:12 ubuntu NetworkManager[666]: <info>  [1618381988.0154] manager: NetworkManager state is now CONNECTED_GLOBAL
Apr 13 23:33:15 ubuntu NetworkManager[666]: <info>  [1618381995.5445] manager: disable requested (sleeping: no  enabled: yes)
Apr 13 23:33:15 ubuntu NetworkManager[666]: <info>  [1618381995.5558] manager: NetworkManager state is now ASLEEP
Apr 13 23:33:15 ubuntu whoopsie[1273]: [23:33:15] offline
Apr 13 23:33:15 ubuntu NetworkManager[666]: <info>  [1618381995.6661] audit: op="networking-control"Apr 13 23:33:44 ubuntu kernel: [    0.000000] Linux version 5.4.0-70-generic (buildd@lgw01-amd64-039) (gcc version 7.5.0 (Ubuntu 7.5.0-3ubuntu1~18.04)) #78~18.04.1-Ubuntu SMP Sat Mar 20 14:10:07 UTC 2021 (Ubuntu 5.4.0-70.78~18.04.1-generic 5.4.94)
Apr 13 23:33:44 ubuntu kernel: [    0.000000] Command line: BOOT_IMAGE=/boot/vmlinuz-5.4.0-70-generic root=UUID=aaf3ccda-038b-4a05-ab77-f21faaa753e9 ro find_preseed=/preseed.cfg auto noprompt priority=critical locale=en_US quiet
Apr 13 23:33:44 ubuntu kernel: [    0.000000] KERNEL supported cpus:
Apr 13 23:33:44 ubuntu kernel: [    0.000000]   Intel GenuineIntel
Apr 13 23:33:44 ubuntu kernel: [    0.000000]   AMD AuthenticAMD
Apr 13 23:33:44 ubuntu kernel: [    0.000000]   Hygon HygonGenuine
Apr 13 23:33:44 ubuntu kernel: [    0.000000]   Centaur CentaurHauls
Apr 13 23:33:44 ubuntu kernel: [    0.000000]   zhaoxin   Shanghai  
Apr 13 23:33:44 ubuntu kernel: [    0.000000] Disabled fast string operations
Apr 13 23:33:44 ubuntu kernel: [    0.000000] x86/fpu: Supporting XSAVE feature 0x001: 'x87 floating point registers'
Apr 13 23:33:44 ubuntu kernel: [    0.000000] x86/fpu: Supporting XSAVE feature 0x002: 'SSE registers'
Apr 13 23:33:44 ubuntu kernel: [    0.000000] x86/fpu: Supporting XSAVE feature 0x004: 'AVX registers'
Apr 13 23:33:44 ubuntu kernel: [    0.000000] x86/fpu: Supporting XSAVE feature 0x008: 'MPX bounds registers'
Apr 13 23:33:44 ubuntu kernel: [    0.000000] x86/fpu: Supporting XSAVE feature 0x010: 'MPX CSR'
Apr 13 23:33:44 ubuntu kernel: [    0.000000] x86/fpu: xstate_offset[2]:  576, xstate_sizes[2]:  256
Apr 13 23:33:44 ubuntu kernel: [    0.000000] x86/fpu: xstate_offset[3]:  832, xstate_sizes[3]:   64
Apr 13 23:33:44 ubuntu kernel: [    0.000000] x86/fpu: xstate_offset[4]:  896, xstate_sizes[4]:   64
Apr 13 23:33:44 ubuntu kernel: [    0.000000] x86/fpu: Enabled xstate features 0x1f, context size is 960 bytes, using 'compacted' format.
Apr 13 23:33:44 ubuntu kernel: [    0.000000] BIOS-provided physical RAM map:
Apr 13 23:33:44 ubuntu kernel: [    0.000000] BIOS-e820: [mem 0x0000000000000000-0x000000000009e7ff] usable
Apr 13 23:33:44 ubuntu kernel: [    0.000000] BIOS-e820: [mem 0x000000000009e800-0x000000000009ffff] reserved
Apr 13 23:33:44 ubuntu kernel: [    0.000000] BIOS-e820: [mem 0x00000000000dc000-0x00000000000fffff] reserved
Apr 13 23:33:44 ubuntu kernel: [    0.000000] BIOS-e820: [mem 0x0000000000100000-0x000000007fedffff] usable
Apr 13 23:33:44 ubuntu kernel: [    0.000000] BIOS-e820: [mem 0x000000007fee0000-0x000000007fefefff] ACPI data
Apr 13 23:33:44 ubuntu kernel: [    0.000000] BIOS-e820: [mem 0x000000007feff000-0x000000007fefffff] ACPI NVS
Apr 13 23:33:44 ubuntu kernel: [    0.000000] BIOS-e820: [mem 0x000000007ff00000-0x000000007fffffff] usable
Apr 13 23:33:44 ubuntu kernel: [    0.000000] BIOS-e820: [mem 0x00000000f0000000-0x00000000f7ffffff] reserved
Apr 13 23:33:44 ubuntu kernel: [    0.000000] BIOS-e820: [mem 0x00000000fec00000-0x00000000fec0ffff] reserved
Apr 13 23:33:44 ubuntu kernel: [    0.000000] BIOS-e820: [mem 0x00000000fee00000-0x00000000fee00fff] reserved
Apr 13 23:33:44 ubuntu kernel: [    0.000000] BIOS-e820: [mem 0x00000000fffe0000-0x00000000ffffffff] reserved
Apr 13 23:33:44 ubuntu kernel: [    0.000000] NX (Execute Disable) protection: active
Apr 13 23:33:44 ubuntu kernel: [    0.000000] SMBIOS 2.7 present.
Apr 13 23:33:44 ubuntu kernel: [    0.000000] DMI: VMware, Inc. VMware Virtual Platform/440BX Desktop Reference Platform, BIOS 6.00 04/13/2018
Apr 13 23:33:44 ubuntu kernel: [    0.000000] vmware: hypercall mode: 0x00
Apr 13 23:33:44 ubuntu kernel: [    0.000000] Hypervisor detected: VMware
Apr 13 23:33:44 ubuntu kernel: [    0.000000] vmware: TSC freq read from hypervisor : 1800.003 MHz
Apr 13 23:33:44 ubuntu kernel: [    0.000000] vmware: Host bus clock speed read from hypervisor : 66000000 Hz
Apr 13 23:33:44 ubuntu kernel: [    0.000000] vmware: using sched offset of 13767240555 ns
Apr 13 23:33:44 ubuntu kernel: [    0.000001] tsc: Detected 1800.003 MHz processor
Apr 13 23:33:44 ubuntu kernel: [    0.003830] e820: update [mem 0x00000000-0x00000fff] usable ==> reserved
Apr 13 23:33:44 ubuntu kernel: [    0.003832] e820: remove [mem 0x000a0000-0x000fffff] usable
Apr 13 23:33:44 ubuntu kernel: [    0.003835] last_pfn = 0x80000 max_arch_pfn = 0x400000000
Apr 13 23:33:44 ubuntu kernel: [    0.003849] MTRR default type: uncachable
Apr 13 23:33:44 ubuntu kernel: [    0.003850] MTRR fixed ranges enabled:
Apr 13 23:33:44 ubuntu kernel: [    0.003851]   00000-9FFFF write-back
Apr 13 23:33:44 ubuntu kernel: [    0.003851]   A0000-BFFFF uncachable
Apr 13 23:33:44 ubuntu kernel: [    0.003852]   C0000-CFFFF write-protect
Apr 13 23:33:44 ubuntu kernel: [    0.003852]   D0000-EFFFF uncachable
Apr 13 23:33:44 ubuntu kernel: [    0.003853]   F0000-FFFFF write-protect
Apr 13 23:33:44 ubuntu kernel: [    0.003853] MTRR variable ranges enabled:
Apr 13 23:33:44 ubuntu kernel: [    0.003854]   0 base 00000000000 mask 7FF00000000 write-back
Apr 13 23:33:44 ubuntu kernel: [    0.003855]   1 base 000C0000000 mask 7FFC0000000 uncachable
Apr 13 23:33:44 ubuntu kernel: [    0.003855]   2 disabled
Apr 13 23:33:44 ubuntu kernel: [    0.003856]   3 disabled
Apr 13 23:33:44 ubuntu kernel: [    0.003856]   4 disabled
Apr 13 23:33:44 ubuntu kernel: [    0.003856]   5 disabled
Apr 13 23:33:44 ubuntu kernel: [    0.003856]   6 disabled
Apr 13 23:33:44 ubuntu kernel: [    0.003857]   7 disabled
Apr 13 23:33:44 ubuntu kernel: [    0.003869] x86/PAT: Configuration [0-7]: WB  WC  UC- UC  WB  WP  UC- WT  
Apr 13 23:33:44 ubuntu kernel: [    0.003880] total RAM covered: 3072M
Apr 13 23:33:44 ubuntu kernel: [    0.004588] Found optimal setting for mtrr clean up
Apr 13 23:33:44 ubuntu kernel: [    0.004589]  gran_size: 64K 	chunk_size: 64K 	num_reg: 2  	lose cover RAM: 0G
Apr 13 23:33:44 ubuntu kernel: [    0.012508] found SMP MP-table at [mem 0x000f6a80-0x000f6a8f]
Apr 13 23:33:44 ubuntu kernel: [    0.012585] check: Scanning 1 areas for low memory corruption
Apr 13 23:33:44 ubuntu kernel: [    0.012619] Using GB pages for direct mapping
Apr 13 23:33:44 ubuntu kernel: [    0.012778] RAMDISK: [mem 0x32f97000-0x357c2fff]
Apr 13 23:33:44 ubuntu kernel: [    0.012800] ACPI: Early table checksum verification disabled
Apr 13 23:33:44 ubuntu kernel: [    0.012804] ACPI: RSDP 0x00000000000F6A10 000024 (v02 PTLTD )
Apr 13 23:33:44 ubuntu kernel: [    0.012807] ACPI: XSDT 0x000000007FEE965B 00005C (v01 INTEL  440BX    06040000 VMW  01324272)
Apr 13 23:33:44 ubuntu kernel: [    0.012812] ACPI: FACP 0x000000007FEFEE73 0000F4 (v04 INTEL  440BX    06040000 PTL  000F4240)
Apr 13 23:33:44 ubuntu kernel: [    0.012817] ACPI: DSDT 0x000000007FEEB345 013B2E (v01 PTLTD  Custom   06040000 MSFT 03000001)
Apr 13 23:33:44 ubuntu kernel: [    0.012821] ACPI: FACS 0x000000007FEFFFC0 000040
Apr 13 23:33:44 ubuntu kernel: [    0.012824] ACPI: FACS 0x000000007FEFFFC0 000040
Apr 13 23:33:44 ubuntu kernel: [    0.012826] ACPI: BOOT 0x000000007FEEB31D 000028 (v01 PTLTD  $SBFTBL$ 06040000  LTP 00000001)
Apr 13 23:33:44 ubuntu kernel: [    0.012829] ACPI: APIC 0x000000007FEEA8BD 000742 (v01 PTLTD  ? APIC   06040000  LTP 00000000)
Apr 13 23:33:44 ubuntu kernel: [    0.012832] ACPI: MCFG 0x000000007FEEA881 00003C (v01 PTLTD  $PCITBL$ 06040000  LTP 00000001)
Apr 13 23:33:44 ubuntu kernel: [    0.012835] ACPI: SRAT 0x000000007FEE9757 0008A8 (v02 VMWARE MEMPLUG  06040000 VMW  00000001)
Apr 13 23:33:44 ubuntu kernel: [    0.012838] ACPI: HPET 0x000000007FEE971F 000038 (v01 VMWARE VMW HPET 06040000 VMW  00000001)
Apr 13 23:33:44 ubuntu kernel: [    0.012840] ACPI: WAET 0x000000007FEE96F7 000028 (v01 VMWARE VMW WAET 06040000 VMW  00000001)
Apr 13 23:33:44 ubuntu kernel: [    0.012849] ACPI: Local APIC address 0xfee00000
Apr 13 23:33:44 ubuntu kernel: [    0.012861] system APIC only can use physical flat
Apr 13 23:33:44 ubuntu kernel: [    0.012861] Setting APIC routing to physical flat.
Apr 13 23:33:44 ubuntu kernel: [    0.012903] SRAT: PXM 0 -> APIC 0x00 -> Node 0
Apr 13 23:33:44 ubuntu kernel: [    0.012903] SRAT: PXM 0 -> APIC 0x02 -> Node 0
Apr 13 23:33:44 ubuntu kernel: [    0.012904] SRAT: PXM 0 -> APIC 0x04 -> Node 0
Apr 13 23:33:44 ubuntu kernel: [    0.012904] SRAT: PXM 0 -> APIC 0x06 -> Node 0
Apr 13 23:33:44 ubuntu kernel: [    0.012904] SRAT: PXM 0 -> APIC 0x08 -> Node 0
Apr 13 23:33:44 ubuntu kernel: [    0.012905] SRAT: PXM 0 -> APIC 0x0a -> Node 0
Apr 13 23:33:44 ubuntu kernel: [    0.012905] SRAT: PXM 0 -> APIC 0x0c -> Node 0
Apr 13 23:33:44 ubuntu kernel: [    0.012905] SRAT: PXM 0 -> APIC 0x0e -> Node 0
Apr 13 23:33:44 ubuntu kernel: [    0.012906] SRAT: PXM 0 -> APIC 0x10 -> Node 0
Apr 13 23:33:44 ubuntu kernel: [    0.012906] SRAT: PXM 0 -> APIC 0x12 -> Node 0
Apr 13 23:33:44 ubuntu kernel: [    0.012907] SRAT: PXM 0 -> APIC 0x14 -> Node 0
Apr 13 23:33:44 ubuntu kernel: [    0.012907] SRAT: PXM 0 -> APIC 0x16 -> Node 0
Apr 13 23:33:44 ubuntu kernel: [    0.012907] SRAT: PXM 0 -> APIC 0x18 -> Node 0
Apr 13 23:33:44 ubuntu kernel: [    0.012908] SRAT: PXM 0 -> APIC 0x1a -> Node 0
Apr 13 23:33:44 ubuntu kernel: [    0.012908] SRAT: PXM 0 -> APIC 0x1c -> Node 0
Apr 13 23:33:44 ubuntu kernel: [    0.012908] SRAT: PXM 0 -> APIC 0x1e -> Node 0
Apr 13 23:33:44 ubuntu kernel: [    0.012909] SRAT: PXM 0 -> APIC 0x20 -> Node 0
Apr 13 23:33:44 ubuntu kernel: [    0.012909] SRAT: PXM 0 -> APIC 0x22 -> Node 0
Apr 13 23:33:44 ubuntu kernel: [    0.012910] SRAT: PXM 0 -> APIC 0x24 -> Node 0
Apr 13 23:33:44 ubuntu kernel: [    0.012910] SRAT: PXM 0 -> APIC 0x26 -> Node 0
Apr 13 23:33:44 ubuntu kernel: [    0.012910] SRAT: PXM 0 -> APIC 0x28 -> Node 0
Apr 13 23:33:44 ubuntu kernel: [    0.012911] SRAT: PXM 0 -> APIC 0x2a -> Node 0
Apr 13 23:33:44 ubuntu kernel: [    0.012911] SRAT: PXM 0 -> APIC 0x2c -> Node 0
Apr 13 23:33:44 ubuntu kernel: [    0.012911] SRAT: PXM 0 -> APIC 0x2e -> Node 0
Apr 13 23:33:44 ubuntu kernel: [    0.012912] SRAT: PXM 0 -> APIC 0x30 -> Node 0
Apr 13 23:33:44 ubuntu kernel: [    0.012912] SRAT: PXM 0 -> APIC 0x32 -> Node 0
Apr 13 23:33:44 ubuntu kernel: [    0.012912] SRAT: PXM 0 -> APIC 0x34 -> Node 0
Apr 13 23:33:44 ubuntu kernel: [    0.012913] SRAT: PXM 0 -> APIC 0x36 -> Node 0
Apr 13 23:33:44 ubuntu kernel: [    0.012913] SRAT: PXM 0 -> APIC 0x38 -> Node 0
Apr 13 23:33:44 ubuntu kernel: [    0.012914] SRAT: PXM 0 -> APIC 0x3a -> Node 0
Apr 13 23:33:44 ubuntu kernel: [    0.012914] SRAT: PXM 0 -> APIC 0x3c -> Node 0
Apr 13 23:33:44 ubuntu kernel: [    0.012914] SRAT: PXM 0 -> APIC 0x3e -> Node 0
Apr 13 23:33:44 ubuntu kernel: [    0.012915] SRAT: PXM 0 -> APIC 0x40 -> Node 0
Apr 13 23:33:44 ubuntu kernel: [    0.012915] SRAT: PXM 0 -> APIC 0x42 -> Node 0
Apr 13 23:33:44 ubuntu kernel: [    0.012915] SRAT: PXM 0 -> APIC 0x44 -> Node 0
Apr 13 23:33:44 ubuntu kernel: [    0.012916] SRAT: PXM 0 -> APIC 0x46 -> Node 0
Apr 13 23:33:44 ubuntu kernel: [    0.012916] SRAT: PXM 0 -> APIC 0x48 -> Node 0
Apr 13 23:33:44 ubuntu kernel: [    0.012916] SRAT: PXM 0 -> APIC 0x4a -> Node 0
Apr 13 23:33:44 ubuntu kernel: [    0.012917] SRAT: PXM 0 -> APIC 0x4c -> Node 0
Apr 13 23:33:44 ubuntu kernel: [    0.012917] SRAT: PXM 0 -> APIC 0x4e -> Node 0
Apr 13 23:33:44 ubuntu kernel: [    0.012917] SRAT: PXM 0 -> APIC 0x50 -> Node 0
Apr 13 23:33:44 ubuntu kernel: [    0.012918] SRAT: PXM 0 -> APIC 0x52 -> Node 0
Apr 13 23:33:44 ubuntu kernel: [    0.012918] SRAT: PXM 0 -> APIC 0x54 -> Node 0
